<area shape="rect" href="$a__alxparser_8h.html" title="ALX file parser (for one file)." alt="" coords="372,80,471,107">
<area shape="rect" href="$dll_8h.html" title="Macros for handling DLL/library API visibility." alt="" coords="356,379,401,405">
<area shape="rect" href="$xmlparser_8h.html" title="A simple XML parser (use callback on start, end and data block." alt="" coords="29,155,117,181">
<area shape="rect" href="$a__codsection_8h.html" title="COD structure for the ALX file parser." alt="" coords="207,304,316,331">
<area shape="rect" href="$a__library_8h.html" title="ALX Library class based on CODSection class." alt="" coords="388,229,468,256">
<area shape="rect" href="$a__application_8h.html" title="ALX Application class based on CODSection class." alt="" coords="257,229,364,256">
<area shape="rect" href="$a__osloader_8h.html" title="OS files parser (multi ALX files parser)." alt="" coords="459,155,552,181">
<area shape="rect" href="$a__common_8h.html" title="ALX file parser common header." alt="" coords="119,379,215,405">
