<area shape="rect" href="$classBarry_1_1RecordBuilder.html#cc484ee4a8e30cf634e86c282498e9a0" title="Called to build the record field data." alt="" coords="279,107,497,133">
<area shape="rect" href="$namespaceBarry.html#1694e381d8f7c0a41714992c831e716b" title="Contains the proper way to convert a record object into a DBData object." alt="" coords="547,107,672,133">
<area shape="rect" href="$classBarry_1_1DBData.html#55d6bde680fe0b48d07882ade96ef9c3" title="Barry::DBData::SetDBName" alt="" coords="721,5,905,32">
<area shape="rect" href="$classBarry_1_1DBData.html#a46147fced1b122cb6a0e6d1cee3cb07" title="Barry::DBData::SetIds" alt="" coords="737,56,889,83">
<area shape="rect" href="$classBarry_1_1DBData.html#cb569139ee2d44442d4709ccf2a4ab3c" title="Barry::DBData::SetOffset" alt="" coords="729,107,897,133">
<area shape="rect" href="$classBarry_1_1DBData.html#d1a3e69cabea68e0a309459cd7c58e78" title="Barry::DBData::SetVersion" alt="" coords="725,157,901,184">
<area shape="rect" href="$classBarry_1_1DBData.html#3c1c4ad5ce85cef0ea85002a0fe07881" title="Barry::DBData::UseData" alt="" coords="732,208,895,235">
