<area shape="rect" href="$configfile_8h.html" title="Barry configuraion class, for one device PIN." alt="" coords="2207,80,2289,107">
<area shape="rect" href="$r__message_8h.html" title="Blackberry database record parser class for email records." alt="" coords="1909,229,2005,256">
<area shape="rect" href="$error_8h.html" title="Common exception classes for the Barry library." alt="" coords="2336,229,2392,256">
<area shape="rect" href="$dll_8h.html" title="Macros for handling DLL/library API visibility." alt="" coords="1637,379,1683,405">
<area shape="rect" href="$record_8h.html" title="Blackberry database record classes." alt="" coords="1019,155,1085,181">
<area shape="rect" href="$pin_8h.html" title="class for device PIN notation" alt="" coords="2227,304,2275,331">
<area shape="rect" href="$r__calendar_8h.html" title="Blackberry database record parser class for calendar records." alt="" coords="491,229,581,256">
<area shape="rect" href="$r__calllog_8h.html" title="Record parsing class for call logs." alt="" coords="1453,304,1533,331">
<area shape="rect" href="$r__bookmark_8h.html" title="Record parsing class for call logs." alt="" coords="1557,304,1656,331">
<area shape="rect" href="$r__contact_8h.html" title="Blackberry database record parser class for contact records." alt="" coords="613,304,699,331">
<area shape="rect" href="$r__cstore_8h.html" title="Blackberry database record parser class for Content Store records." alt="" coords="277,304,357,331">
<area shape="rect" href="$r__memo_8h.html" title="Record parsing class for the memo database." alt="" coords="1349,304,1429,331">
<area shape="rect" href="$r__servicebook_8h.html" title="Blackberry database record parser class for the Service Book record." alt="" coords="141,304,253,331">
<area shape="rect" href="$r__task_8h.html" title="Record parsing class for the task database." alt="" coords="835,229,901,256">
<area shape="rect" href="$r__pin__message_8h.html" title="Blackberry database record parser class for pin message records." alt="" coords="1251,229,1371,256">
<area shape="rect" href="$r__saved__message_8h-source.html" title="r_saved_message.h" alt="" coords="1544,229,1683,256">
<area shape="rect" href="$r__sms_8h-source.html" title="r_sms.h" alt="" coords="1680,304,1747,331">
<area shape="rect" href="$r__folder_8h.html" title="Record parsing class for the Folder database." alt="" coords="1131,304,1205,331">
<area shape="rect" href="$r__timezone_8h.html" title="Record parsing class for the timezone database." alt="" coords="1229,304,1325,331">
<area shape="rect" href="$r__recur__base_8h.html" title="Base class for recurring calendar event data." alt="" coords="483,304,589,331">
<area shape="rect" href="$r__message__base_8h.html" title="Base class for email&#45;oriented Blackberry database records." alt="" coords="976,304,1107,331">
