<area shape="rect" href="$controller_8h.html" title="High level BlackBerry API class." alt="" coords="1137,80,1220,107">
<area shape="rect" href="$probe_8h.html" title="USB Blackberry detection routines." alt="" coords="1147,229,1211,256">
<area shape="rect" href="$common_8h.html" title="General header for the Barry library." alt="" coords="1485,155,1568,181">
<area shape="rect" href="$protocol_8h.html" title="USB Blackberry bulk protocol API constants." alt="" coords="1036,80,1113,107">
<area shape="rect" href="$protostructs_8h.html" title="USB Blackberry bulk protocol API." alt="" coords="36,80,137,107">
<area shape="rect" href="$data_8h.html" title="Class to deal with pre&#45;saved data files." alt="" coords="1400,304,1456,331">
<area shape="rect" href="$endian_8h.html" title="Endian conversion macros." alt="" coords="332,80,401,107">
<area shape="rect" href="$src_2platform_8h-source.html" title="platform.h" alt="" coords="895,229,975,256">
<area shape="rect" href="$debug_8h-source.html" title="debug.h" alt="" coords="1603,80,1669,107">
<area shape="rect" href="$dll_8h.html" title="Macros for handling DLL/library API visibility." alt="" coords="1064,528,1109,555">
<area shape="rect" href="$usbwrap_8h.html" title="USB API wrapper." alt="" coords="895,304,975,331">
<area shape="rect" href="$pin_8h.html" title="class for device PIN notation" alt="" coords="1144,453,1192,480">
<area shape="rect" href="$socket_8h.html" title="Class wrapper to encapsulate the Blackberry USB logical socket." alt="" coords="596,155,668,181">
<area shape="rect" href="$error_8h.html" title="Common exception classes for the Barry library." alt="" coords="655,379,711,405">
<area shape="rect" href="$router_8h.html" title="Support classes for the pluggable socket routing system." alt="" coords="555,229,619,256">
<area shape="rect" href="$dataqueue_8h.html" title="FIFO queue of Data objects." alt="" coords="307,304,397,331">
<area shape="rect" href="$log_8h.html" title="General header for the Barry library." alt="" coords="1643,155,1691,181">
