<area shape="rect" href="$data_8h.html" title="Class to deal with pre&#45;saved data files." alt="" coords="1387,155,1443,181">
<area shape="rect" href="$parser_8h.html" title="Virtual parser wrapper." alt="" coords="221,379,288,405">
<area shape="rect" href="$m__desktoptmpl_8h.html" title="Ease of use templates for the Desktop mode class." alt="" coords="145,528,265,555">
<area shape="rect" href="$m__ipmodem_8h.html" title="Mode class for GPRS modem mode (using endpoints on modern devices)." alt="" coords="545,304,649,331">
<area shape="rect" href="$pppfilter_8h.html" title="Data filter class, to morph PPP data into something that the Blackberry / Rogers..." alt="" coords="496,229,573,256">
<area shape="rect" href="$m__serial_8h.html" title="Mode class for serial / GPRS modem mode." alt="" coords="441,304,521,331">
<area shape="rect" href="$m__javaloader_8h.html" title="Mode class for the JavaLoader mode." alt="" coords="1397,453,1504,480">
<area shape="rect" href="$bmp_8h.html" title="BMP conversion routines." alt="" coords="1579,528,1635,555">
<area shape="rect" href="$iconv_8h.html" title="iconv wrapper class, and pluggable interface for records" alt="" coords="1731,229,1792,256">
<area shape="rect" href="$cod_8h.html" title="COD file API." alt="" coords="1840,229,1893,256">
<area shape="rect" href="$usbwrap_8h.html" title="USB API wrapper." alt="" coords="1109,155,1189,181">
<area shape="rect" href="$probe_8h.html" title="USB Blackberry detection routines." alt="" coords="997,229,1061,256">
<area shape="rect" href="$controller_8h.html" title="High level BlackBerry API class." alt="" coords="988,304,1071,331">
<area shape="rect" href="$m__mode__base_8h.html" title="Base for mode classes." alt="" coords="685,379,803,405">
<area shape="rect" href="$m__desktop_8h.html" title="Mode class for the Desktop mode." alt="" coords="696,453,792,480">
<area shape="rect" href="$error_8h.html" title="Common exception classes for the Barry library." alt="" coords="1583,80,1639,107">
<area shape="rect" href="$common_8h.html" title="General header for the Barry library." alt="" coords="1861,304,1944,331">
<area shape="rect" href="$socket_8h.html" title="Class wrapper to encapsulate the Blackberry USB logical socket." alt="" coords="800,229,872,256">
<area shape="rect" href="$router_8h.html" title="Support classes for the pluggable socket routing system." alt="" coords="567,155,631,181">
<area shape="rect" href="$builder_8h.html" title="Virtual protocol packet builder wrapper." alt="" coords="5,453,75,480">
<area shape="rect" href="$ldif_8h.html" title="Routines for reading and writing LDAP LDIF data." alt="" coords="1991,379,2039,405">
<area shape="rect" href="$record_8h.html" title="Blackberry database record classes." alt="" coords="2863,80,2929,107">
<area shape="rect" href="$r__calendar_8h.html" title="Blackberry database record parser class for calndar records." alt="" coords="2251,229,2341,256">
<area shape="rect" href="$r__recur__base_8h.html" title="Base class for recurring calendar event data." alt="" coords="2237,155,2344,181">
<area shape="rect" href="$r__task_8h.html" title="Record parsing class for the task database." alt="" coords="2444,229,2511,256">
<area shape="rect" href="$r__calllog_8h.html" title="Record parsing class for call logs." alt="" coords="2368,155,2448,181">
<area shape="rect" href="$r__contact_8h.html" title="Blackberry database record parser class for contact records." alt="" coords="2472,155,2557,181">
<area shape="rect" href="$r__memo_8h.html" title="Record parsing class for the memo database." alt="" coords="3035,155,3115,181">
<area shape="rect" href="$r__message__base_8h.html" title="Base class for email&#45;oriented Blackberry database records." alt="" coords="3685,155,3816,181">
<area shape="rect" href="$r__message_8h.html" title="Blackberry database record parser class for email records." alt="" coords="3844,229,3940,256">
<area shape="rect" href="$r__pin__message_8h.html" title="Blackberry database record parser class for pin message records." alt="" coords="3537,229,3657,256">
<area shape="rect" href="$r__saved__message_8h-source.html" title="r_saved_message.h" alt="" coords="3681,229,3820,256">
<area shape="rect" href="$r__servicebook_8h.html" title="Blackberry database record parser class for the Service Book record." alt="" coords="3139,155,3251,181">
<area shape="rect" href="$r__sms_8h-source.html" title="r_sms.h" alt="" coords="3275,155,3341,181">
<area shape="rect" href="$r__folder_8h.html" title="Record parsing class for the Folder database." alt="" coords="3365,155,3440,181">
<area shape="rect" href="$r__timezone_8h.html" title="Record parsing class for the timezone database." alt="" coords="3464,155,3560,181">
<area shape="rect" href="$modem_8h.html" title="Modem API base class for the various serial/modem modes available on the Blackberry..." alt="" coords="397,229,472,256">
<area shape="rect" href="$version_8h.html" title="Provide access to library version information." alt="" coords="2043,453,2117,480">
<area shape="rect" href="$log_8h.html" title="General header for the Barry library." alt="" coords="2140,528,2188,555">
<area shape="rect" href="$sha1_8h-source.html" title="sha1.h" alt="" coords="2272,304,2331,331">
<area shape="rect" href="$bmp-internal_8h.html" title="BMP structures." alt="" coords="4032,80,4136,107">
<area shape="rect" href="$cbarry_8h.html" title="Main header file for Barry C API &#45; incomplete." alt="" coords="3840,155,3907,181">
<area shape="rect" href="$cod-internal_8h.html" title="COD structure." alt="" coords="4160,80,4259,107">
<area shape="rect" href="$time_8h.html" title="Time related conversion routines." alt="" coords="3531,80,3587,107">
<area shape="rect" href="$barry_8h.html" title="Main header file for applications." alt="" coords="1421,603,1480,629">
<area shape="rect" href="$controller_8cc.html" title="High level Barry API class." alt="" coords="1080,379,1171,405">
<area shape="rect" href="$data_8cc.html" title="Classes to help manage pre&#45;determined data files." alt="" coords="1288,229,1352,256">
<area shape="rect" href="$dataqueue_8cc.html" title="FIFO queue of Data objects." alt="" coords="2704,229,2803,256">
<area shape="rect" href="$m__desktop_8cc.html" title="Mode class for the Desktop mode." alt="" coords="1207,528,1311,555">
