<area shape="rect" href="$balxparse_8cc.html" title="balxparse.cc" alt="" coords="5,80,101,107">
<area shape="rect" href="$bcharge_8cc.html" title="Talk to the Blackberry just enough to change the Max Power to 500mA." alt="" coords="125,80,211,107">
<area shape="rect" href="$bdptest_8cc.html" title="COD debug file parser RIM&#39;s JDE generates several files when you build a COD..." alt="" coords="235,80,317,107">
<area shape="rect" href="$bfuse_8cc.html" title="FUSE filesystem for Blackberry databases, using Barry." alt="" coords="341,80,413,107">
<area shape="rect" href="$bidentify_8cc.html" title="Tool for probing identifying Blackberry devices." alt="" coords="437,80,525,107">
<area shape="rect" href="$bjavaloader_8cc.html" title="bjavaloader.cc" alt="" coords="549,80,653,107">
<area shape="rect" href="$bjdwp_8cc.html" title="bjdwp command line tool" alt="" coords="677,80,749,107">
<area shape="rect" href="$bjvmdebug_8cc.html" title="bjvmdebug.cc" alt="" coords="773,80,875,107">
<area shape="rect" href="$bktrans_8cc-source.html" title="bktrans.cc" alt="" coords="899,80,981,107">
<area shape="rect" href="$brawchannel_8cc.html" title="Directs a named raw channel over STDIN/STDOUT." alt="" coords="1005,80,1117,107">
<area shape="rect" href="$brecsum_8cc.html" title="Generate SHA1 sums of raw Blackberry database records." alt="" coords="1141,80,1229,107">
<area shape="rect" href="$breset_8cc.html" title="Attempt to reset all connected Blackberry devices via software." alt="" coords="1253,80,1328,107">
<area shape="rect" href="$brimtrans_8cc.html" title="Translates log files generated by RIM&#39;s USB driver into something more or less..." alt="" coords="1352,80,1445,107">
<area shape="rect" href="$bs11nread_8cc.html" title="Reads an boost serialization file and dumps to stdout." alt="" coords="1469,80,1568,107">
<area shape="rect" href="$btool_8cc.html" title="Barry library tester." alt="" coords="1592,80,1659,107">
<area shape="rect" href="$btranslate_8cc-source.html" title="btranslate.cc" alt="" coords="1683,80,1779,107">
<area shape="rect" href="$pppob_8cc.html" title="In the same vein as pppoe, used with pppd to create a pty tunnel and GPRS modem link..." alt="" coords="1803,80,1877,107">
<area shape="rect" href="$upldif_8cc.html" title="LDIF contact uploader." alt="" coords="1901,80,1971,107">
