<area shape="rect" href="$barry_8h.html" title="Main header file for applications." alt="" coords="5,155,64,181">
<area shape="rect" href="$connector_8h-source.html" title="connector.h" alt="" coords="72,80,160,107">
<area shape="rect" href="$iconv_8cc.html" title="iconv wrapper class, and pluggable interface for records" alt="" coords="184,80,253,107">
<area shape="rect" href="$r__bookmark_8cc.html" title="Record parsing class for the phone browser bookmarks database." alt="" coords="277,80,384,107">
<area shape="rect" href="$r__calendar_8cc.html" title="Blackberry database record parser class for calendar records." alt="" coords="408,80,507,107">
<area shape="rect" href="$r__calllog_8cc.html" title="Record parsing class for the phone call logs database." alt="" coords="531,80,619,107">
<area shape="rect" href="$r__contact_8cc.html" title="Blackberry database record parser class for contact records." alt="" coords="643,80,736,107">
<area shape="rect" href="$r__folder_8cc.html" title="Record parsing class for the folders database." alt="" coords="760,80,840,107">
<area shape="rect" href="$r__memo_8cc.html" title="Record parsing class for the memo database." alt="" coords="864,80,949,107">
<area shape="rect" href="$r__message__base_8cc.html" title="Base class for email&#45;oriented Blackberry database records." alt="" coords="973,80,1112,107">
<area shape="rect" href="$r__servicebook_8cc.html" title="Blackberry database record parser class for Service Book records." alt="" coords="1136,80,1256,107">
<area shape="rect" href="$r__sms_8cc.html" title="Record parsing class for the SMS database." alt="" coords="1280,80,1355,107">
<area shape="rect" href="$r__task_8cc.html" title="Record parsing class for the task database." alt="" coords="1379,80,1453,107">
<area shape="rect" href="$r__timezone_8cc.html" title="Record parsing class for the timezone database." alt="" coords="1477,80,1581,107">
<area shape="rect" href="$vformat_8c-source.html" title="vformat.c" alt="" coords="1605,80,1680,107">
<area shape="rect" href="$connector_8cc-source.html" title="connector.cc" alt="" coords="88,155,184,181">
