<area shape="rect" href="$j__message_8h.html" title="JDWP message classes." alt="" coords="267,80,363,107">
<area shape="rect" href="$debug_8h-source.html" title="debug.h" alt="" coords="579,229,645,256">
<area shape="rect" href="$data_8h.html" title="Class to deal with pre&#45;saved data files." alt="" coords="112,304,168,331">
<area shape="rect" href="$j__jdwp_8h.html" title="JDWP classes." alt="" coords="281,155,348,181">
<area shape="rect" href="$error_8h.html" title="Common exception classes for the Barry library." alt="" coords="287,229,343,256">
<area shape="rect" href="$dll_8h.html" title="Macros for handling DLL/library API visibility." alt="" coords="407,379,452,405">
<area shape="rect" href="$pin_8h.html" title="class for device PIN notation" alt="" coords="192,304,240,331">
<area shape="rect" href="$common_8h.html" title="General header for the Barry library." alt="" coords="680,304,763,331">
<area shape="rect" href="$log_8h.html" title="General header for the Barry library." alt="" coords="557,304,605,331">
