<area shape="rect" href="$j__server_8h.html" title="Java Debug server classes." alt="" coords="861,80,939,107">
<area shape="rect" href="$data_8h.html" title="Class to deal with pre&#45;saved data files." alt="" coords="223,304,279,331">
<area shape="rect" href="$protocol_8h.html" title="USB Blackberry bulk protocol API constants." alt="" coords="1935,80,2012,107">
<area shape="rect" href="$endian_8h.html" title="Endian conversion macros." alt="" coords="2163,229,2232,256">
<area shape="rect" href="$debug_8h-source.html" title="debug.h" alt="" coords="2605,229,2672,256">
<area shape="rect" href="$j__message_8h.html" title="JDWP message classes." alt="" coords="2087,80,2183,107">
<area shape="rect" href="$error_8h.html" title="Common exception classes for the Barry library." alt="" coords="2052,229,2108,256">
<area shape="rect" href="$protostructs_8h.html" title="USB Blackberry bulk protocol API." alt="" coords="2256,229,2357,256">
<area shape="rect" href="$record-internal_8h.html" title="Support functions, types, and templates for the general record parsing classes in..." alt="" coords="1977,155,2092,181">
<area shape="rect" href="$dll_8h.html" title="Macros for handling DLL/library API visibility." alt="" coords="757,379,803,405">
<area shape="rect" href="$j__manager_8h.html" title="Application management classes." alt="" coords="1431,229,1521,256">
<area shape="rect" href="$dp__codinfo_8h.html" title="Debug file parsing." alt="" coords="1537,304,1633,331">
<area shape="rect" href="$m__jvmdebug_8h.html" title="Mode class for the JVMDebug mode." alt="" coords="411,155,517,181">
<area shape="rect" href="$threadwrap_8h.html" title="RAII Wrapper for a single thread." alt="" coords="83,155,179,181">
<area shape="rect" href="$m__mode__base_8h.html" title="Base for mode classes." alt="" coords="464,229,581,256">
<area shape="rect" href="$socket_8h.html" title="Class wrapper to encapsulate the Blackberry USB logical socket." alt="" coords="368,229,440,256">
<area shape="rect" href="$record_8h.html" title="Blackberry database record classes." alt="" coords="1179,229,1245,256">
<area shape="rect" href="$r__calendar_8h.html" title="Blackberry database record parser class for calndar records." alt="" coords="1055,304,1145,331">
<area shape="rect" href="$r__calllog_8h.html" title="Record parsing class for call logs." alt="" coords="1433,304,1513,331">
<area shape="rect" href="$r__contact_8h.html" title="Blackberry database record parser class for contact records." alt="" coords="1169,304,1255,331">
<area shape="rect" href="$r__memo_8h.html" title="Record parsing class for the memo database." alt="" coords="1329,304,1409,331">
<area shape="rect" href="$r__message_8h.html" title="Blackberry database record parser class for email records." alt="" coords="545,304,641,331">
<area shape="rect" href="$r__servicebook_8h.html" title="Blackberry database record parser class for the Service Book record." alt="" coords="919,304,1031,331">
<area shape="rect" href="$common_8h.html" title="General header for the Barry library." alt="" coords="2468,304,2551,331">
<area shape="rect" href="$log_8h.html" title="General header for the Barry library." alt="" coords="2575,304,2623,331">
<area shape="rect" href="$j__jdwp_8h.html" title="JDWP classes." alt="" coords="2116,155,2183,181">
