<area shape="rect" href="$dll_8h.html" title="Macros for handling DLL/library API visibility." alt="" coords="1007,528,1052,555">
<area shape="rect" href="$j__manager_8h.html" title="Application management classes." alt="" coords="2291,379,2381,405">
<area shape="rect" href="$dp__codinfo_8h.html" title="Debug file parsing." alt="" coords="2532,453,2628,480">
<area shape="rect" href="$m__jvmdebug_8h.html" title="Mode class for the JVMDebug mode." alt="" coords="1000,80,1107,107">
<area shape="rect" href="$threadwrap_8h.html" title="RAII Wrapper for a single thread." alt="" coords="3455,453,3551,480">
<area shape="rect" href="$m__mode__base_8h.html" title="Base for mode classes." alt="" coords="627,155,744,181">
<area shape="rect" href="$socket_8h.html" title="Class wrapper to encapsulate the Blackberry USB logical socket." alt="" coords="185,379,257,405">
<area shape="rect" href="$record_8h.html" title="Blackberry database record classes." alt="" coords="1911,304,1977,331">
<area shape="rect" href="$data_8h.html" title="Class to deal with pre&#45;saved data files." alt="" coords="2169,453,2225,480">
<area shape="rect" href="$controller_8h.html" title="High level BlackBerry API class." alt="" coords="644,229,727,256">
<area shape="rect" href="$usbwrap_8h.html" title="USB API wrapper." alt="" coords="684,379,764,405">
<area shape="rect" href="$probe_8h.html" title="USB Blackberry detection routines." alt="" coords="883,304,947,331">
<area shape="rect" href="$error_8h.html" title="Common exception classes for the Barry library." alt="" coords="580,453,636,480">
<area shape="rect" href="$router_8h.html" title="Support classes for the pluggable socket routing system." alt="" coords="47,453,111,480">
<area shape="rect" href="$dataqueue_8h.html" title="FIFO queue of Data objects." alt="" coords="147,528,237,555">
<area shape="rect" href="$r__calendar_8h.html" title="Blackberry database record parser class for calndar records." alt="" coords="2405,379,2496,405">
<area shape="rect" href="$r__calllog_8h.html" title="Record parsing class for call logs." alt="" coords="1345,453,1425,480">
<area shape="rect" href="$r__contact_8h.html" title="Blackberry database record parser class for contact records." alt="" coords="2804,453,2889,480">
<area shape="rect" href="$r__memo_8h.html" title="Record parsing class for the memo database." alt="" coords="1449,453,1529,480">
<area shape="rect" href="$r__message_8h.html" title="Blackberry database record parser class for email records." alt="" coords="1431,379,1527,405">
<area shape="rect" href="$r__servicebook_8h.html" title="Blackberry database record parser class for the Service Book record." alt="" coords="2913,453,3025,480">
<area shape="rect" href="$r__task_8h.html" title="Record parsing class for the task database." alt="" coords="2044,379,2111,405">
<area shape="rect" href="$r__pin__message_8h.html" title="Blackberry database record parser class for pin message records." alt="" coords="1625,379,1745,405">
<area shape="rect" href="$r__saved__message_8h-source.html" title="r_saved_message.h" alt="" coords="1193,379,1332,405">
<area shape="rect" href="$r__sms_8h-source.html" title="r_sms.h" alt="" coords="1553,453,1620,480">
<area shape="rect" href="$r__folder_8h.html" title="Record parsing class for the Folder database." alt="" coords="1644,453,1719,480">
<area shape="rect" href="$r__timezone_8h.html" title="Record parsing class for the timezone database." alt="" coords="1743,453,1839,480">
<area shape="rect" href="$r__recur__base_8h.html" title="Base class for recurring calendar event data." alt="" coords="2401,453,2508,480">
<area shape="rect" href="$r__message__base_8h.html" title="Base class for email&#45;oriented Blackberry database records." alt="" coords="1863,453,1993,480">
