<area shape="rect" href="$barry_8h.html" title="Main header file for applications." alt="" coords="1924,80,1983,107">
<area shape="rect" href="$debug_8h-source.html" title="debug.h" alt="" coords="2007,80,2073,107">
<area shape="rect" href="$log_8cc.html" title="General Barry interface routines." alt="" coords="2097,80,2153,107">
<area shape="rect" href="$common_8cc.html" title="General Barry interface routines." alt="" coords="5,155,93,181">
<area shape="rect" href="$connector_8cc-source.html" title="connector.cc" alt="" coords="117,155,213,181">
<area shape="rect" href="$controller_8cc.html" title="High level Barry API class." alt="" coords="237,155,328,181">
<area shape="rect" href="$data_8cc.html" title="Classes to help manage pre&#45;determined data files." alt="" coords="352,155,416,181">
<area shape="rect" href="$dp__codinfo_8cc.html" title="COD debug file parser RIM&#39;s JDE generates several files when you build a COD..." alt="" coords="440,155,541,181">
<area shape="rect" href="$j__manager_8cc.html" title="Application management classes." alt="" coords="565,155,664,181">
<area shape="rect" href="$j__message_8cc.html" title="JDWP USB message implementation." alt="" coords="688,155,789,181">
<area shape="rect" href="$j__server_8cc.html" title="Server protocol implementation." alt="" coords="813,155,896,181">
<area shape="rect" href="$ldif_8cc.html" title="Routines for reading and writing LDAP LDIF data." alt="" coords="920,155,976,181">
<area shape="rect" href="$m__desktop_8cc.html" title="Mode class for the Desktop mode." alt="" coords="1000,155,1104,181">
<area shape="rect" href="$m__ipmodem_8cc.html" title="Mode class for GPRS modem mode (using endpoints on modern devices)." alt="" coords="1128,155,1237,181">
<area shape="rect" href="$m__javaloader_8cc.html" title="Mode class for the JavaLoader mode." alt="" coords="1261,155,1376,181">
<area shape="rect" href="$m__jvmdebug_8cc.html" title="Mode class for the JVMDebug mode." alt="" coords="1400,155,1512,181">
<area shape="rect" href="$m__raw__channel_8cc.html" title="Mode class for a raw channel." alt="" coords="1536,155,1664,181">
<area shape="rect" href="$m__serial_8cc.html" title="Mode class for serial / GPRS modem mode." alt="" coords="1688,155,1776,181">
<area shape="rect" href="$packet_8cc.html" title="Low level protocol packet builder class." alt="" coords="1800,155,1877,181">
<area shape="rect" href="$probe_8cc.html" title="USB Blackberry detection routines." alt="" coords="1901,155,1973,181">
<area shape="rect" href="$protocol_8cc.html" title="USB Blackberry bulk protocol API." alt="" coords="1997,155,2083,181">
<area shape="rect" href="$r__bookmark_8cc.html" title="Record parsing class for the phone browser bookmarks database." alt="" coords="2107,155,2213,181">
<area shape="rect" href="$r__calendar_8cc.html" title="Blackberry database record parser class for calendar records." alt="" coords="2237,155,2336,181">
<area shape="rect" href="$r__contact_8cc.html" title="Blackberry database record parser class for contact records." alt="" coords="2360,155,2453,181">
<area shape="rect" href="$r__cstore_8cc.html" title="Blackberry database record parser class for Content Store records." alt="" coords="2477,155,2563,181">
<area shape="rect" href="$r__dbdb_8cc.html" title="DatabaseDatabase record parser class." alt="" coords="2587,155,2664,181">
<area shape="rect" href="$r__folder_8cc.html" title="Record parsing class for the folders database." alt="" coords="2688,155,2768,181">
<area shape="rect" href="$r__message__base_8cc.html" title="Base class for email&#45;oriented Blackberry database records." alt="" coords="2792,155,2931,181">
<area shape="rect" href="$r__recur__base_8cc.html" title="Base class for recurring calendar event data." alt="" coords="2955,155,3069,181">
<area shape="rect" href="$r__servicebook_8cc.html" title="Blackberry database record parser class for Service Book records." alt="" coords="3093,155,3213,181">
<area shape="rect" href="$r__sms_8cc.html" title="Record parsing class for the SMS database." alt="" coords="3237,155,3312,181">
<area shape="rect" href="$r__task_8cc.html" title="Record parsing class for the task database." alt="" coords="3336,155,3411,181">
<area shape="rect" href="$r__timezone_8cc.html" title="Record parsing class for the timezone database." alt="" coords="3435,155,3539,181">
<area shape="rect" href="$record_8cc.html" title="Misc." alt="" coords="3563,155,3637,181">
<area shape="rect" href="$router_8cc.html" title="Support classes for the pluggable socket routing system." alt="" coords="3661,155,3733,181">
<area shape="rect" href="$socket_8cc.html" title="Class wrapper to encapsulate the Blackberry USB logical socket." alt="" coords="3757,155,3835,181">
<area shape="rect" href="$time_8cc.html" title="Conversion between time_t and cenmin_t and back." alt="" coords="3859,155,3923,181">
<area shape="rect" href="$usbwrap_8cc.html" title="USB API wrapper." alt="" coords="3947,155,4035,181">
