<area shape="rect" href="$dll_8h.html" title="Macros for handling DLL/library API visibility." alt="" coords="2427,677,2472,704">
<area shape="rect" href="$m__desktop_8h.html" title="Mode class for the Desktop mode." alt="" coords="2419,80,2515,107">
<area shape="rect" href="$parser_8h.html" title="Virtual parser wrapper." alt="" coords="2375,528,2441,555">
<area shape="rect" href="$builder_8h.html" title="Virtual protocol packet builder wrapper." alt="" coords="2544,528,2613,555">
<area shape="rect" href="$m__mode__base_8h.html" title="Base for mode classes." alt="" coords="3299,155,3416,181">
<area shape="rect" href="$socket_8h.html" title="Class wrapper to encapsulate the Blackberry USB logical socket." alt="" coords="2876,304,2948,331">
<area shape="rect" href="$data_8h.html" title="Class to deal with pre&#45;saved data files." alt="" coords="1488,603,1544,629">
<area shape="rect" href="$record_8h.html" title="Blackberry database record classes." alt="" coords="1509,453,1576,480">
<area shape="rect" href="$controller_8h.html" title="High level BlackBerry API class." alt="" coords="3316,229,3399,256">
<area shape="rect" href="$usbwrap_8h.html" title="USB API wrapper." alt="" coords="3291,453,3371,480">
<area shape="rect" href="$pin_8h.html" title="class for device PIN notation" alt="" coords="3221,603,3269,629">
<area shape="rect" href="$probe_8h.html" title="USB Blackberry detection routines." alt="" coords="3103,379,3167,405">
<area shape="rect" href="$error_8h.html" title="Common exception classes for the Barry library." alt="" coords="3172,528,3228,555">
<area shape="rect" href="$router_8h.html" title="Support classes for the pluggable socket routing system." alt="" coords="2880,379,2944,405">
<area shape="rect" href="$dataqueue_8h.html" title="FIFO queue of Data objects." alt="" coords="2640,453,2731,480">
<area shape="rect" href="$r__calendar_8h.html" title="Blackberry database record parser class for calendar records." alt="" coords="840,528,931,555">
<area shape="rect" href="$r__calllog_8h.html" title="Record parsing class for call logs." alt="" coords="2083,603,2163,629">
<area shape="rect" href="$r__bookmark_8h.html" title="Record parsing class for call logs." alt="" coords="2187,603,2285,629">
<area shape="rect" href="$r__contact_8h.html" title="Blackberry database record parser class for contact records." alt="" coords="1021,603,1107,629">
<area shape="rect" href="$r__cstore_8h.html" title="Blackberry database record parser class for Content Store records." alt="" coords="635,603,715,629">
<area shape="rect" href="$r__memo_8h.html" title="Record parsing class for the memo database." alt="" coords="1669,603,1749,629">
<area shape="rect" href="$r__message_8h.html" title="Blackberry database record parser class for email records." alt="" coords="1565,528,1661,555">
<area shape="rect" href="$r__servicebook_8h.html" title="Blackberry database record parser class for the Service Book record." alt="" coords="499,603,611,629">
<area shape="rect" href="$r__task_8h.html" title="Record parsing class for the task database." alt="" coords="1261,528,1328,555">
<area shape="rect" href="$r__pin__message_8h.html" title="Blackberry database record parser class for pin message records." alt="" coords="2133,528,2253,555">
<area shape="rect" href="$r__saved__message_8h-source.html" title="r_saved_message.h" alt="" coords="1403,528,1541,555">
<area shape="rect" href="$r__sms_8h-source.html" title="r_sms.h" alt="" coords="1773,603,1840,629">
<area shape="rect" href="$r__folder_8h.html" title="Record parsing class for the Folder database." alt="" coords="1864,603,1939,629">
<area shape="rect" href="$r__timezone_8h.html" title="Record parsing class for the timezone database." alt="" coords="1963,603,2059,629">
<area shape="rect" href="$r__recur__base_8h.html" title="Base class for recurring calendar event data." alt="" coords="891,603,997,629">
<area shape="rect" href="$r__message__base_8h.html" title="Base class for email&#45;oriented Blackberry database records." alt="" coords="1333,603,1464,629">
<area shape="rect" href="$protocol_8h.html" title="USB Blackberry bulk protocol API constants." alt="" coords="2563,603,2640,629">
