<area shape="rect" href="$m__javaloader_8h.html" title="Mode class for the JavaLoader mode." alt="" coords="2225,80,2332,107">
<area shape="rect" href="$controller_8h.html" title="High level BlackBerry API class." alt="" coords="2359,229,2441,256">
<area shape="rect" href="$usbwrap_8h.html" title="USB API wrapper." alt="" coords="2360,379,2440,405">
<area shape="rect" href="$error_8h.html" title="Common exception classes for the Barry library." alt="" coords="2640,453,2696,480">
<area shape="rect" href="$data_8h.html" title="Class to deal with pre&#45;saved data files." alt="" coords="189,453,245,480">
<area shape="rect" href="$protocol_8h.html" title="USB Blackberry bulk protocol API constants." alt="" coords="255,155,332,181">
<area shape="rect" href="$protostructs_8h.html" title="USB Blackberry bulk protocol API." alt="" coords="2728,379,2829,405">
<area shape="rect" href="$packet_8h.html" title="Low level protocol packet builder class." alt="" coords="739,80,811,107">
<area shape="rect" href="$endian_8h.html" title="Endian conversion macros." alt="" coords="2709,80,2779,107">
<area shape="rect" href="$cod_8h.html" title="COD file API." alt="" coords="3005,379,3059,405">
<area shape="rect" href="$time_8h.html" title="Time related conversion routines." alt="" coords="2984,453,3040,480">
<area shape="rect" href="$debug_8h-source.html" title="debug.h" alt="" coords="3269,304,3336,331">
<area shape="rect" href="$dll_8h.html" title="Macros for handling DLL/library API visibility." alt="" coords="1732,528,1777,555">
<area shape="rect" href="$m__mode__base_8h.html" title="Base for mode classes." alt="" coords="2341,155,2459,181">
<area shape="rect" href="$socket_8h.html" title="Class wrapper to encapsulate the Blackberry USB logical socket." alt="" coords="2116,379,2188,405">
<area shape="rect" href="$record_8h.html" title="Blackberry database record classes." alt="" coords="892,379,959,405">
<area shape="rect" href="$probe_8h.html" title="USB Blackberry detection routines." alt="" coords="2265,304,2329,331">
<area shape="rect" href="$router_8h.html" title="Support classes for the pluggable socket routing system." alt="" coords="2120,453,2184,480">
<area shape="rect" href="$r__calendar_8h.html" title="Blackberry database record parser class for calndar records." alt="" coords="507,453,597,480">
<area shape="rect" href="$r__calllog_8h.html" title="Record parsing class for call logs." alt="" coords="781,453,861,480">
<area shape="rect" href="$r__contact_8h.html" title="Blackberry database record parser class for contact records." alt="" coords="621,453,707,480">
<area shape="rect" href="$r__memo_8h.html" title="Record parsing class for the memo database." alt="" coords="885,453,965,480">
<area shape="rect" href="$r__message_8h.html" title="Blackberry database record parser class for email records." alt="" coords="1421,453,1517,480">
<area shape="rect" href="$r__servicebook_8h.html" title="Blackberry database record parser class for the Service Book record." alt="" coords="371,453,483,480">
<area shape="rect" href="$r__task_8h.html" title="Record parsing class for the task database." alt="" coords="989,453,1056,480">
<area shape="rect" href="$r__pin__message_8h.html" title="Blackberry database record parser class for pin message records." alt="" coords="1541,453,1661,480">
<area shape="rect" href="$r__saved__message_8h-source.html" title="r_saved_message.h" alt="" coords="1685,453,1824,480">
<area shape="rect" href="$r__sms_8h-source.html" title="r_sms.h" alt="" coords="1080,453,1147,480">
<area shape="rect" href="$r__folder_8h.html" title="Record parsing class for the Folder database." alt="" coords="1171,453,1245,480">
<area shape="rect" href="$common_8h.html" title="General header for the Barry library." alt="" coords="3448,379,3531,405">
<area shape="rect" href="$log_8h.html" title="General header for the Barry library." alt="" coords="3235,379,3283,405">
