<area shape="rect" href="$dll_8h.html" title="Macros for handling DLL/library API visibility." alt="" coords="815,603,860,629">
<area shape="rect" href="$m__mode__base_8h.html" title="Base for mode classes." alt="" coords="453,80,571,107">
<area shape="rect" href="$socket_8h.html" title="Class wrapper to encapsulate the Blackberry USB logical socket." alt="" coords="800,229,872,256">
<area shape="rect" href="$record_8h.html" title="Blackberry database record classes." alt="" coords="2021,379,2088,405">
<area shape="rect" href="$data_8h.html" title="Class to deal with pre&#45;saved data files." alt="" coords="2277,528,2333,555">
<area shape="rect" href="$controller_8h.html" title="High level BlackBerry API class." alt="" coords="471,155,553,181">
<area shape="rect" href="$usbwrap_8h.html" title="USB API wrapper." alt="" coords="448,379,528,405">
<area shape="rect" href="$pin_8h.html" title="class for device PIN notation" alt="" coords="549,528,597,555">
<area shape="rect" href="$probe_8h.html" title="USB Blackberry detection routines." alt="" coords="803,304,867,331">
<area shape="rect" href="$error_8h.html" title="Common exception classes for the Barry library." alt="" coords="437,453,493,480">
<area shape="rect" href="$router_8h.html" title="Support classes for the pluggable socket routing system." alt="" coords="567,304,631,331">
<area shape="rect" href="$dataqueue_8h.html" title="FIFO queue of Data objects." alt="" coords="765,379,856,405">
<area shape="rect" href="$r__calendar_8h.html" title="Blackberry database record parser class for calendar records." alt="" coords="2371,453,2461,480">
<area shape="rect" href="$r__calllog_8h.html" title="Record parsing class for call logs." alt="" coords="1229,528,1309,555">
<area shape="rect" href="$r__bookmark_8h.html" title="Record parsing class for call logs." alt="" coords="1333,528,1432,555">
<area shape="rect" href="$r__contact_8h.html" title="Blackberry database record parser class for contact records." alt="" coords="2725,528,2811,555">
<area shape="rect" href="$r__cstore_8h.html" title="Blackberry database record parser class for Content Store records." alt="" coords="2835,528,2915,555">
<area shape="rect" href="$r__memo_8h.html" title="Record parsing class for the memo database." alt="" coords="1456,528,1536,555">
<area shape="rect" href="$r__message_8h.html" title="Blackberry database record parser class for email records." alt="" coords="1229,453,1325,480">
<area shape="rect" href="$r__servicebook_8h.html" title="Blackberry database record parser class for the Service Book record." alt="" coords="2408,528,2520,555">
<area shape="rect" href="$r__task_8h.html" title="Record parsing class for the task database." alt="" coords="2155,453,2221,480">
<area shape="rect" href="$r__pin__message_8h.html" title="Blackberry database record parser class for pin message records." alt="" coords="1424,453,1544,480">
<area shape="rect" href="$r__saved__message_8h-source.html" title="r_saved_message.h" alt="" coords="1568,453,1707,480">
<area shape="rect" href="$r__sms_8h-source.html" title="r_sms.h" alt="" coords="1560,528,1627,555">
<area shape="rect" href="$r__folder_8h.html" title="Record parsing class for the Folder database." alt="" coords="1651,528,1725,555">
<area shape="rect" href="$r__timezone_8h.html" title="Record parsing class for the timezone database." alt="" coords="1749,528,1845,555">
<area shape="rect" href="$r__recur__base_8h.html" title="Base class for recurring calendar event data." alt="" coords="2544,528,2651,555">
<area shape="rect" href="$r__message__base_8h.html" title="Base class for email&#45;oriented Blackberry database records." alt="" coords="1869,528,2000,555">
