<area shape="rect" href="$m__desktop_8h.html" title="Mode class for the Desktop mode." alt="" coords="165,80,261,107">
<area shape="rect" href="$m__javaloader_8h.html" title="Mode class for the JavaLoader mode." alt="" coords="383,80,489,107">
<area shape="rect" href="$m__mode__base_8cc.html" title="Base for mode classes." alt="" coords="513,80,636,107">
<area shape="rect" href="$barry_8h.html" title="Main header file for applications." alt="" coords="201,229,260,256">
<area shape="rect" href="$m__desktoptmpl_8h.html" title="Ease of use templates for the Desktop mode class." alt="" coords="17,155,137,181">
<area shape="rect" href="$m__desktop_8cc.html" title="Mode class for the Desktop mode." alt="" coords="161,155,265,181">
<area shape="rect" href="$packet_8cc.html" title="Low level protocol packet builder class." alt="" coords="289,155,367,181">
<area shape="rect" href="$bmp_8h.html" title="BMP conversion routines." alt="" coords="441,155,497,181">
<area shape="rect" href="$m__javaloader_8cc.html" title="Mode class for the JavaLoader mode." alt="" coords="521,155,636,181">
<area shape="rect" href="$bmp_8cc.html" title="BMP conversion routines." alt="" coords="437,229,501,256">
