<area shape="rect" href="$controller_8cc.html" title="High level Barry API class." alt="" coords="727,80,817,107">
<area shape="rect" href="$record-internal_8h.html" title="Support functions, types, and templates for the general record parsing classes in..." alt="" coords="1145,80,1260,107">
<area shape="rect" href="$j__record_8cc.html" title="Internal record manipulation functions for JDWP classes." alt="" coords="5,155,91,181">
<area shape="rect" href="$j__server_8cc.html" title="Server protocol implementation." alt="" coords="115,155,197,181">
<area shape="rect" href="$r__bookmark_8cc.html" title="Record parsing class for the phone browser bookmarks database." alt="" coords="221,155,328,181">
<area shape="rect" href="$r__calendar_8cc.html" title="Blackberry database record parser class for calendar records." alt="" coords="352,155,451,181">
<area shape="rect" href="$r__calllog_8cc.html" title="Record parsing class for the phone call logs database." alt="" coords="475,155,563,181">
<area shape="rect" href="$r__contact_8cc.html" title="Blackberry database record parser class for contact records." alt="" coords="587,155,680,181">
<area shape="rect" href="$r__folder_8cc.html" title="Record parsing class for the folders database." alt="" coords="1280,155,1360,181">
<area shape="rect" href="$r__memo_8cc.html" title="Record parsing class for the memo database." alt="" coords="1384,155,1469,181">
<area shape="rect" href="$r__message__base_8cc.html" title="Base class for email&#45;oriented Blackberry database records." alt="" coords="1493,155,1632,181">
<area shape="rect" href="$r__servicebook_8cc.html" title="Blackberry database record parser class for Service Book records." alt="" coords="1656,155,1776,181">
<area shape="rect" href="$r__sms_8cc.html" title="Record parsing class for the SMS database." alt="" coords="1800,155,1875,181">
<area shape="rect" href="$r__task_8cc.html" title="Record parsing class for the task database." alt="" coords="1899,155,1973,181">
<area shape="rect" href="$r__timezone_8cc.html" title="Record parsing class for the timezone database." alt="" coords="1997,155,2101,181">
<area shape="rect" href="$record_8cc.html" title="Misc." alt="" coords="2125,155,2200,181">
<area shape="rect" href="$m__desktop_8cc.html" title="Mode class for the Desktop mode." alt="" coords="1700,80,1804,107">
<area shape="rect" href="$m__javaloader_8cc.html" title="Mode class for the JavaLoader mode." alt="" coords="1828,80,1943,107">
<area shape="rect" href="$m__jvmdebug_8cc.html" title="Mode class for the JVMDebug mode." alt="" coords="1967,80,2079,107">
<area shape="rect" href="$m__raw__channel_8cc.html" title="Mode class for a raw channel." alt="" coords="2103,80,2231,107">
<area shape="rect" href="$m__serial_8cc.html" title="Mode class for serial / GPRS modem mode." alt="" coords="2255,80,2343,107">
<area shape="rect" href="$packet_8cc.html" title="Low level protocol packet builder class." alt="" coords="2367,80,2444,107">
<area shape="rect" href="$protocol_8cc.html" title="USB Blackberry bulk protocol API." alt="" coords="2468,80,2553,107">
<area shape="rect" href="$r__recur__base_8cc.html" title="Base class for recurring calendar event data." alt="" coords="2577,80,2692,107">
<area shape="rect" href="$router_8cc.html" title="Support classes for the pluggable socket routing system." alt="" coords="2716,80,2788,107">
<area shape="rect" href="$socket_8cc.html" title="Class wrapper to encapsulate the Blackberry USB logical socket." alt="" coords="2812,80,2889,107">
<area shape="rect" href="$probe_8cc.html" title="USB Blackberry detection routines." alt="" coords="1053,155,1125,181">
<area shape="rect" href="$r__command_8cc.html" title="Internal implementation of CommandTable parser class." alt="" coords="1149,155,1256,181">
<area shape="rect" href="$r__cstore_8cc.html" title="Blackberry database record parser class for Content Store records." alt="" coords="704,155,789,181">
<area shape="rect" href="$r__dbdb_8cc.html" title="DatabaseDatabase record parser class." alt="" coords="813,155,891,181">
<area shape="rect" href="$r__recordstate_8cc.html" title="RecordStateTable database record parser class." alt="" coords="915,155,1029,181">
