<area shape="rect" href="$r__bookmark_8h.html" title="Record parsing class for call logs." alt="" coords="899,80,997,107">
<area shape="rect" href="$record-internal_8h.html" title="Support functions, types, and templates for the general record parsing classes in..." alt="" coords="2157,80,2272,107">
<area shape="rect" href="$protostructs_8h.html" title="USB Blackberry bulk protocol API." alt="" coords="2344,155,2445,181">
<area shape="rect" href="$data_8h.html" title="Class to deal with pre&#45;saved data files." alt="" coords="1575,304,1631,331">
<area shape="rect" href="$time_8h.html" title="Time related conversion routines." alt="" coords="2740,304,2796,331">
<area shape="rect" href="$iconv_8h.html" title="iconv wrapper class, and pluggable interface for records" alt="" coords="1824,229,1885,256">
<area shape="rect" href="$debug_8h-source.html" title="debug.h" alt="" coords="2624,80,2691,107">
<area shape="rect" href="$dll_8h.html" title="Macros for handling DLL/library API visibility." alt="" coords="1940,379,1985,405">
<area shape="rect" href="$record_8h.html" title="Blackberry database record classes." alt="" coords="915,155,981,181">
<area shape="rect" href="$r__calendar_8h.html" title="Blackberry database record parser class for calendar records." alt="" coords="281,229,372,256">
<area shape="rect" href="$r__calllog_8h.html" title="Record parsing class for call logs." alt="" coords="1268,304,1348,331">
<area shape="rect" href="$r__contact_8h.html" title="Blackberry database record parser class for contact records." alt="" coords="404,304,489,331">
<area shape="rect" href="$r__cstore_8h.html" title="Blackberry database record parser class for Content Store records." alt="" coords="68,304,148,331">
<area shape="rect" href="$r__memo_8h.html" title="Record parsing class for the memo database." alt="" coords="1471,304,1551,331">
<area shape="rect" href="$r__message_8h.html" title="Blackberry database record parser class for email records." alt="" coords="1147,229,1243,256">
<area shape="rect" href="$r__servicebook_8h.html" title="Blackberry database record parser class for the Service Book record." alt="" coords="513,304,625,331">
<area shape="rect" href="$r__task_8h.html" title="Record parsing class for the task database." alt="" coords="781,229,848,256">
<area shape="rect" href="$r__pin__message_8h.html" title="Blackberry database record parser class for pin message records." alt="" coords="1341,229,1461,256">
<area shape="rect" href="$r__saved__message_8h-source.html" title="r_saved_message.h" alt="" coords="1611,229,1749,256">
<area shape="rect" href="$r__sms_8h-source.html" title="r_sms.h" alt="" coords="1177,304,1244,331">
<area shape="rect" href="$r__folder_8h.html" title="Record parsing class for the Folder database." alt="" coords="1372,304,1447,331">
<area shape="rect" href="$r__timezone_8h.html" title="Record parsing class for the timezone database." alt="" coords="1057,304,1153,331">
<area shape="rect" href="$r__recur__base_8h.html" title="Base class for recurring calendar event data." alt="" coords="273,304,380,331">
<area shape="rect" href="$r__message__base_8h.html" title="Base class for email&#45;oriented Blackberry database records." alt="" coords="903,304,1033,331">
<area shape="rect" href="$error_8h.html" title="Common exception classes for the Barry library." alt="" coords="2249,229,2305,256">
<area shape="rect" href="$endian_8h.html" title="Endian conversion macros." alt="" coords="2140,155,2209,181">
<area shape="rect" href="$pin_8h.html" title="class for device PIN notation" alt="" coords="1908,304,1956,331">
<area shape="rect" href="$common_8h.html" title="General header for the Barry library." alt="" coords="2571,155,2653,181">
<area shape="rect" href="$log_8h.html" title="General header for the Barry library." alt="" coords="2677,155,2725,181">
