<area shape="rect" href="$dll_8h.html" title="Macros for handling DLL/library API visibility." alt="" coords="1244,304,1289,331">
<area shape="rect" href="$record_8h.html" title="Blackberry database record classes." alt="" coords="864,80,931,107">
<area shape="rect" href="$r__calendar_8h.html" title="Blackberry database record parser class for calndar records." alt="" coords="1080,155,1171,181">
<area shape="rect" href="$r__calllog_8h.html" title="Record parsing class for call logs." alt="" coords="595,229,675,256">
<area shape="rect" href="$r__memo_8h.html" title="Record parsing class for the memo database." alt="" coords="491,229,571,256">
<area shape="rect" href="$r__message_8h.html" title="Blackberry database record parser class for email records." alt="" coords="1320,155,1416,181">
<area shape="rect" href="$r__servicebook_8h.html" title="Blackberry database record parser class for the Service Book record." alt="" coords="1304,229,1416,256">
<area shape="rect" href="$r__task_8h.html" title="Record parsing class for the task database." alt="" coords="864,155,931,181">
<area shape="rect" href="$r__pin__message_8h.html" title="Blackberry database record parser class for pin message records." alt="" coords="1491,155,1611,181">
<area shape="rect" href="$r__saved__message_8h-source.html" title="r_saved_message.h" alt="" coords="1635,155,1773,181">
<area shape="rect" href="$r__sms_8h-source.html" title="r_sms.h" alt="" coords="301,229,368,256">
<area shape="rect" href="$r__folder_8h.html" title="Record parsing class for the Folder database." alt="" coords="392,229,467,256">
<area shape="rect" href="$r__timezone_8h.html" title="Record parsing class for the timezone database." alt="" coords="699,229,795,256">
<area shape="rect" href="$r__recur__base_8h.html" title="Base class for recurring calendar event data." alt="" coords="1072,229,1179,256">
<area shape="rect" href="$r__message__base_8h.html" title="Base class for email&#45;oriented Blackberry database records." alt="" coords="1541,229,1672,256">
