<area shape="rect" href="$r__calendar_8h.html" title="Blackberry database record parser class for calendar records." alt="" coords="397,80,488,107">
<area shape="rect" href="$record-internal_8h.html" title="Support functions, types, and templates for the general record parsing classes in..." alt="" coords="2275,80,2389,107">
<area shape="rect" href="$protostructs_8h.html" title="USB Blackberry bulk protocol API." alt="" coords="2197,155,2299,181">
<area shape="rect" href="$error_8h.html" title="Common exception classes for the Barry library." alt="" coords="2536,229,2592,256">
<area shape="rect" href="$endian_8h.html" title="Endian conversion macros." alt="" coords="2395,155,2464,181">
<area shape="rect" href="$protocol_8h.html" title="USB Blackberry bulk protocol API constants." alt="" coords="2464,80,2541,107">
<area shape="rect" href="$data_8h.html" title="Class to deal with pre&#45;saved data files." alt="" coords="821,304,877,331">
<area shape="rect" href="$time_8h.html" title="Time related conversion routines." alt="" coords="2883,304,2939,331">
<area shape="rect" href="$iconv_8h.html" title="iconv wrapper class, and pluggable interface for records" alt="" coords="893,229,955,256">
<area shape="rect" href="$debug_8h-source.html" title="debug.h" alt="" coords="2808,80,2875,107">
<area shape="rect" href="$dll_8h.html" title="Macros for handling DLL/library API visibility." alt="" coords="2008,379,2053,405">
<area shape="rect" href="$record_8h.html" title="Blackberry database record classes." alt="" coords="1147,155,1213,181">
<area shape="rect" href="$r__recur__base_8h.html" title="Base class for recurring calendar event data." alt="" coords="291,304,397,331">
<area shape="rect" href="$r__calllog_8h.html" title="Record parsing class for call logs." alt="" coords="1845,304,1925,331">
<area shape="rect" href="$r__bookmark_8h.html" title="Record parsing class for call logs." alt="" coords="1309,304,1408,331">
<area shape="rect" href="$r__contact_8h.html" title="Blackberry database record parser class for contact records." alt="" coords="661,304,747,331">
<area shape="rect" href="$r__cstore_8h.html" title="Blackberry database record parser class for Content Store records." alt="" coords="421,304,501,331">
<area shape="rect" href="$r__memo_8h.html" title="Record parsing class for the memo database." alt="" coords="1432,304,1512,331">
<area shape="rect" href="$r__message_8h.html" title="Blackberry database record parser class for email records." alt="" coords="1528,229,1624,256">
<area shape="rect" href="$r__servicebook_8h.html" title="Blackberry database record parser class for the Service Book record." alt="" coords="525,304,637,331">
<area shape="rect" href="$r__task_8h.html" title="Record parsing class for the task database." alt="" coords="803,229,869,256">
<area shape="rect" href="$r__pin__message_8h.html" title="Blackberry database record parser class for pin message records." alt="" coords="1648,229,1768,256">
<area shape="rect" href="$r__saved__message_8h-source.html" title="r_saved_message.h" alt="" coords="1867,229,2005,256">
<area shape="rect" href="$r__sms_8h-source.html" title="r_sms.h" alt="" coords="1536,304,1603,331">
<area shape="rect" href="$r__folder_8h.html" title="Record parsing class for the Folder database." alt="" coords="1627,304,1701,331">
<area shape="rect" href="$r__timezone_8h.html" title="Record parsing class for the timezone database." alt="" coords="1725,304,1821,331">
<area shape="rect" href="$r__message__base_8h.html" title="Base class for email&#45;oriented Blackberry database records." alt="" coords="1155,304,1285,331">
<area shape="rect" href="$pin_8h.html" title="class for device PIN notation" alt="" coords="2152,304,2200,331">
<area shape="rect" href="$common_8h.html" title="General header for the Barry library." alt="" coords="2931,155,3013,181">
<area shape="rect" href="$log_8h.html" title="General header for the Barry library." alt="" coords="2768,155,2816,181">
