<area shape="rect" href="$r__cstore_8h.html" title="Blackberry database record parser class for Content Store records." alt="" coords="1073,80,1153,107">
<area shape="rect" href="$record-internal_8h.html" title="Support functions, types, and templates for the general record parsing classes in..." alt="" coords="2193,80,2308,107">
<area shape="rect" href="$data_8h.html" title="Class to deal with pre&#45;saved data files." alt="" coords="715,304,771,331">
<area shape="rect" href="$debug_8h-source.html" title="debug.h" alt="" coords="2684,80,2751,107">
<area shape="rect" href="$dll_8h.html" title="Macros for handling DLL/library API visibility." alt="" coords="1929,379,1975,405">
<area shape="rect" href="$record_8h.html" title="Blackberry database record classes." alt="" coords="1080,155,1147,181">
<area shape="rect" href="$r__calendar_8h.html" title="Blackberry database record parser class for calendar records." alt="" coords="263,229,353,256">
<area shape="rect" href="$r__calllog_8h.html" title="Record parsing class for call logs." alt="" coords="1525,304,1605,331">
<area shape="rect" href="$r__bookmark_8h.html" title="Record parsing class for call logs." alt="" coords="1629,304,1728,331">
<area shape="rect" href="$r__contact_8h.html" title="Blackberry database record parser class for contact records." alt="" coords="555,304,640,331">
<area shape="rect" href="$r__memo_8h.html" title="Record parsing class for the memo database." alt="" coords="1421,304,1501,331">
<area shape="rect" href="$r__message_8h.html" title="Blackberry database record parser class for email records." alt="" coords="1893,229,1989,256">
<area shape="rect" href="$r__servicebook_8h.html" title="Blackberry database record parser class for the Service Book record." alt="" coords="419,304,531,331">
<area shape="rect" href="$r__task_8h.html" title="Record parsing class for the task database." alt="" coords="947,229,1013,256">
<area shape="rect" href="$r__pin__message_8h.html" title="Blackberry database record parser class for pin message records." alt="" coords="1536,229,1656,256">
<area shape="rect" href="$r__saved__message_8h-source.html" title="r_saved_message.h" alt="" coords="1680,229,1819,256">
<area shape="rect" href="$r__sms_8h-source.html" title="r_sms.h" alt="" coords="1752,304,1819,331">
<area shape="rect" href="$r__folder_8h.html" title="Record parsing class for the Folder database." alt="" coords="1203,304,1277,331">
<area shape="rect" href="$r__timezone_8h.html" title="Record parsing class for the timezone database." alt="" coords="1301,304,1397,331">
<area shape="rect" href="$r__recur__base_8h.html" title="Base class for recurring calendar event data." alt="" coords="288,304,395,331">
<area shape="rect" href="$r__message__base_8h.html" title="Base class for email&#45;oriented Blackberry database records." alt="" coords="1048,304,1179,331">
<area shape="rect" href="$protostructs_8h.html" title="USB Blackberry bulk protocol API." alt="" coords="2145,155,2247,181">
<area shape="rect" href="$error_8h.html" title="Common exception classes for the Barry library." alt="" coords="2419,229,2475,256">
<area shape="rect" href="$endian_8h.html" title="Endian conversion macros." alt="" coords="2271,155,2340,181">
<area shape="rect" href="$pin_8h.html" title="class for device PIN notation" alt="" coords="2096,304,2144,331">
<area shape="rect" href="$common_8h.html" title="General header for the Barry library." alt="" coords="2632,155,2715,181">
<area shape="rect" href="$log_8h.html" title="General header for the Barry library." alt="" coords="2739,155,2787,181">
