<area shape="rect" href="$record_8h.html" title="Blackberry database record classes." alt="" coords="1859,80,1925,107">
<area shape="rect" href="$parser_8cc.html" title="Virtual parser wrapper." alt="" coords="1657,304,1732,331">
<area shape="rect" href="$r__cstore_8cc.html" title="Blackberry database record parser class for Content Store records." alt="" coords="3008,229,3093,256">
<area shape="rect" href="$configfile_8h.html" title="Barry configuraion class, for one device PIN." alt="" coords="3048,155,3131,181">
<area shape="rect" href="$barry_8h.html" title="Main header file for applications." alt="" coords="3480,229,3539,256">
<area shape="rect" href="$r__calendar_8h.html" title="Blackberry database record parser class for calendar records." alt="" coords="235,229,325,256">
<area shape="rect" href="$r__recur__base_8h.html" title="Base class for recurring calendar event data." alt="" coords="192,155,299,181">
<area shape="rect" href="$r__task_8h.html" title="Record parsing class for the task database." alt="" coords="5,229,72,256">
<area shape="rect" href="$r__calllog_8h.html" title="Record parsing class for call logs." alt="" coords="2044,155,2124,181">
<area shape="rect" href="$r__bookmark_8h.html" title="Record parsing class for call logs." alt="" coords="896,155,995,181">
<area shape="rect" href="$r__contact_8h.html" title="Blackberry database record parser class for contact records." alt="" coords="721,155,807,181">
<area shape="rect" href="$ldif_8cc.html" title="Routines for reading and writing LDAP LDIF data." alt="" coords="349,229,405,256">
<area shape="rect" href="$r__memo_8h.html" title="Record parsing class for the memo database." alt="" coords="1021,155,1101,181">
<area shape="rect" href="$r__message__base_8h.html" title="Base class for email&#45;oriented Blackberry database records." alt="" coords="2245,155,2376,181">
<area shape="rect" href="$r__servicebook_8h.html" title="Blackberry database record parser class for the Service Book record." alt="" coords="1403,155,1515,181">
<area shape="rect" href="$r__sms_8h-source.html" title="r_sms.h" alt="" coords="1937,155,2004,181">
<area shape="rect" href="$r__folder_8h.html" title="Record parsing class for the Folder database." alt="" coords="2665,155,2740,181">
<area shape="rect" href="$r__timezone_8h.html" title="Record parsing class for the timezone database." alt="" coords="1257,155,1353,181">
<area shape="rect" href="$m__desktop_8h.html" title="Mode class for the Desktop mode." alt="" coords="3336,155,3432,181">
<area shape="rect" href="$m__javaloader_8h.html" title="Mode class for the JavaLoader mode." alt="" coords="3456,155,3563,181">
<area shape="rect" href="$m__jvmdebug_8h.html" title="Mode class for the JVMDebug mode." alt="" coords="3155,155,3261,181">
<area shape="rect" href="$record-internal_8h.html" title="Support functions, types, and templates for the general record parsing classes in..." alt="" coords="1740,155,1855,181">
<area shape="rect" href="$r__command_8cc.html" title="Internal implementation of CommandTable parser class." alt="" coords="1501,229,1608,256">
<area shape="rect" href="$r__dbdb_8cc.html" title="DatabaseDatabase record parser class." alt="" coords="1632,229,1709,256">
<area shape="rect" href="$r__recordstate_8cc.html" title="RecordStateTable database record parser class." alt="" coords="1835,229,1949,256">
<area shape="rect" href="$record_8cc.html" title="Misc." alt="" coords="2755,229,2829,256">
<area shape="rect" href="$s11n-boost_8h.html" title="Non&#45;intrusive versions of serialization functions for the record classes." alt="" coords="2451,155,2547,181">
<area shape="rect" href="$restore_8h.html" title="Builder class for restoring from Barry Backup files." alt="" coords="3333,229,3405,256">
<area shape="rect" href="$configfile_8cc.html" title="Barry configuraion class, for one device PIN." alt="" coords="3307,304,3397,331">
<area shape="rect" href="$probe_8cc.html" title="USB Blackberry detection routines." alt="" coords="3117,229,3189,256">
<area shape="rect" href="$vevent_8h-source.html" title="vevent.h" alt="" coords="292,304,364,331">
<area shape="rect" href="$r__calendar_8cc.html" title="Blackberry database record parser class for calendar records." alt="" coords="1189,304,1288,331">
<area shape="rect" href="$r__task_8cc.html" title="Record parsing class for the task database." alt="" coords="193,304,268,331">
<area shape="rect" href="$r__recur__base_8cc.html" title="Base class for recurring calendar event data." alt="" coords="96,229,211,256">
<area shape="rect" href="$vtodo_8h-source.html" title="vtodo.h" alt="" coords="7,304,71,331">
<area shape="rect" href="$r__calllog_8cc.html" title="Record parsing class for the phone call logs database." alt="" coords="2072,229,2160,256">
<area shape="rect" href="$r__bookmark_8cc.html" title="Record parsing class for the phone browser bookmarks database." alt="" coords="888,229,995,256">
<area shape="rect" href="$vcard_8h.html" title="Conversion routines for vcards." alt="" coords="429,229,493,256">
<area shape="rect" href="$r__contact_8cc.html" title="Blackberry database record parser class for contact records." alt="" coords="771,229,864,256">
<area shape="rect" href="$vjournal_8h-source.html" title="vjournal.h" alt="" coords="619,229,696,256">
<area shape="rect" href="$r__memo_8cc.html" title="Record parsing class for the memo database." alt="" coords="1019,229,1104,256">
<area shape="rect" href="$r__message_8h.html" title="Blackberry database record parser class for email records." alt="" coords="3213,229,3309,256">
<area shape="rect" href="$r__pin__message_8h.html" title="Blackberry database record parser class for pin message records." alt="" coords="2448,229,2568,256">
<area shape="rect" href="$r__saved__message_8h-source.html" title="r_saved_message.h" alt="" coords="2592,229,2731,256">
<area shape="rect" href="$r__message__base_8cc.html" title="Base class for email&#45;oriented Blackberry database records." alt="" coords="2235,229,2373,256">
<area shape="rect" href="$r__servicebook_8cc.html" title="Blackberry database record parser class for Service Book records." alt="" coords="1357,229,1477,256">
<area shape="rect" href="$r__sms_8cc.html" title="Record parsing class for the SMS database." alt="" coords="1973,229,2048,256">
<area shape="rect" href="$r__folder_8cc.html" title="Record parsing class for the folders database." alt="" coords="2853,229,2933,256">
<area shape="rect" href="$r__timezone_8cc.html" title="Record parsing class for the timezone database." alt="" coords="1229,229,1333,256">
