<area shape="rect" href="$record_8h.html" title="Blackberry database record classes." alt="" coords="1256,155,1323,181">
<area shape="rect" href="$record-internal_8h.html" title="Support functions, types, and templates for the general record parsing classes in..." alt="" coords="1993,80,2108,107">
<area shape="rect" href="$data_8h.html" title="Class to deal with pre&#45;saved data files." alt="" coords="228,304,284,331">
<area shape="rect" href="$protocol_8h.html" title="USB Blackberry bulk protocol API constants." alt="" coords="2427,80,2504,107">
<area shape="rect" href="$debug_8h-source.html" title="debug.h" alt="" coords="2536,229,2603,256">
<area shape="rect" href="$dll_8h.html" title="Macros for handling DLL/library API visibility." alt="" coords="1776,379,1821,405">
<area shape="rect" href="$r__calendar_8h.html" title="Blackberry database record parser class for calndar records." alt="" coords="476,229,567,256">
<area shape="rect" href="$r__calllog_8h.html" title="Record parsing class for call logs." alt="" coords="1759,304,1839,331">
<area shape="rect" href="$r__contact_8h.html" title="Blackberry database record parser class for contact records." alt="" coords="692,304,777,331">
<area shape="rect" href="$r__memo_8h.html" title="Record parsing class for the memo database." alt="" coords="1444,304,1524,331">
<area shape="rect" href="$r__message_8h.html" title="Blackberry database record parser class for email records." alt="" coords="1800,229,1896,256">
<area shape="rect" href="$r__servicebook_8h.html" title="Blackberry database record parser class for the Service Book record." alt="" coords="801,304,913,331">
<area shape="rect" href="$r__task_8h.html" title="Record parsing class for the task database." alt="" coords="979,229,1045,256">
<area shape="rect" href="$r__pin__message_8h.html" title="Blackberry database record parser class for pin message records." alt="" coords="1120,229,1240,256">
<area shape="rect" href="$r__saved__message_8h-source.html" title="r_saved_message.h" alt="" coords="1637,229,1776,256">
<area shape="rect" href="$r__sms_8h-source.html" title="r_sms.h" alt="" coords="1668,304,1735,331">
<area shape="rect" href="$r__folder_8h.html" title="Record parsing class for the Folder database." alt="" coords="1345,304,1420,331">
<area shape="rect" href="$r__timezone_8h.html" title="Record parsing class for the timezone database." alt="" coords="1548,304,1644,331">
<area shape="rect" href="$r__recur__base_8h.html" title="Base class for recurring calendar event data." alt="" coords="511,304,617,331">
<area shape="rect" href="$r__message__base_8h.html" title="Base class for email&#45;oriented Blackberry database records." alt="" coords="1191,304,1321,331">
<area shape="rect" href="$protostructs_8h.html" title="USB Blackberry bulk protocol API." alt="" coords="2125,155,2227,181">
<area shape="rect" href="$error_8h.html" title="Common exception classes for the Barry library." alt="" coords="2319,304,2375,331">
<area shape="rect" href="$endian_8h.html" title="Endian conversion macros." alt="" coords="2016,155,2085,181">
<area shape="rect" href="$common_8h.html" title="General header for the Barry library." alt="" coords="2489,304,2572,331">
<area shape="rect" href="$log_8h.html" title="General header for the Barry library." alt="" coords="2647,304,2695,331">
