<area shape="rect" href="$r__folder_8h.html" title="Record parsing class for the Folder database." alt="" coords="1160,80,1235,107">
<area shape="rect" href="$record-internal_8h.html" title="Support functions, types, and templates for the general record parsing classes in..." alt="" coords="2240,80,2355,107">
<area shape="rect" href="$protostructs_8h.html" title="USB Blackberry bulk protocol API." alt="" coords="2435,155,2536,181">
<area shape="rect" href="$data_8h.html" title="Class to deal with pre&#45;saved data files." alt="" coords="708,304,764,331">
<area shape="rect" href="$time_8h.html" title="Time related conversion routines." alt="" coords="2873,304,2929,331">
<area shape="rect" href="$debug_8h-source.html" title="debug.h" alt="" coords="2719,80,2785,107">
<area shape="rect" href="$iconv_8h.html" title="iconv wrapper class, and pluggable interface for records" alt="" coords="776,229,837,256">
<area shape="rect" href="$dll_8h.html" title="Macros for handling DLL/library API visibility." alt="" coords="2099,379,2144,405">
<area shape="rect" href="$record_8h.html" title="Blackberry database record classes." alt="" coords="1164,155,1231,181">
<area shape="rect" href="$r__calendar_8h.html" title="Blackberry database record parser class for calendar records." alt="" coords="276,229,367,256">
<area shape="rect" href="$r__calllog_8h.html" title="Record parsing class for call logs." alt="" coords="1631,304,1711,331">
<area shape="rect" href="$r__bookmark_8h.html" title="Record parsing class for call logs." alt="" coords="1508,304,1607,331">
<area shape="rect" href="$r__contact_8h.html" title="Blackberry database record parser class for contact records." alt="" coords="599,304,684,331">
<area shape="rect" href="$r__cstore_8h.html" title="Blackberry database record parser class for Content Store records." alt="" coords="359,304,439,331">
<area shape="rect" href="$r__memo_8h.html" title="Record parsing class for the memo database." alt="" coords="1735,304,1815,331">
<area shape="rect" href="$r__message_8h.html" title="Blackberry database record parser class for email records." alt="" coords="1545,229,1641,256">
<area shape="rect" href="$r__servicebook_8h.html" title="Blackberry database record parser class for the Service Book record." alt="" coords="463,304,575,331">
<area shape="rect" href="$r__task_8h.html" title="Record parsing class for the task database." alt="" coords="1031,229,1097,256">
<area shape="rect" href="$r__pin__message_8h.html" title="Blackberry database record parser class for pin message records." alt="" coords="1716,229,1836,256">
<area shape="rect" href="$r__saved__message_8h-source.html" title="r_saved_message.h" alt="" coords="1860,229,1999,256">
<area shape="rect" href="$r__sms_8h-source.html" title="r_sms.h" alt="" coords="1297,304,1364,331">
<area shape="rect" href="$r__timezone_8h.html" title="Record parsing class for the timezone database." alt="" coords="1388,304,1484,331">
<area shape="rect" href="$r__recur__base_8h.html" title="Base class for recurring calendar event data." alt="" coords="177,304,284,331">
<area shape="rect" href="$r__message__base_8h.html" title="Base class for email&#45;oriented Blackberry database records." alt="" coords="1143,304,1273,331">
<area shape="rect" href="$error_8h.html" title="Common exception classes for the Barry library." alt="" coords="2316,229,2372,256">
<area shape="rect" href="$endian_8h.html" title="Endian conversion macros." alt="" coords="2224,155,2293,181">
<area shape="rect" href="$pin_8h.html" title="class for device PIN notation" alt="" coords="2041,304,2089,331">
<area shape="rect" href="$common_8h.html" title="General header for the Barry library." alt="" coords="2661,155,2744,181">
<area shape="rect" href="$log_8h.html" title="General header for the Barry library." alt="" coords="2859,155,2907,181">
