<area shape="rect" href="$record_8h.html" title="Blackberry database record classes." alt="" coords="1917,80,1984,107">
<area shape="rect" href="$m__desktop_8h.html" title="Mode class for the Desktop mode." alt="" coords="247,155,343,181">
<area shape="rect" href="$barry_8h.html" title="Main header file for applications." alt="" coords="493,304,552,331">
<area shape="rect" href="$r__calendar_8h.html" title="Blackberry database record parser class for calndar records." alt="" coords="1267,229,1357,256">
<area shape="rect" href="$r__recur__base_8h.html" title="Base class for recurring calendar event data." alt="" coords="1144,155,1251,181">
<area shape="rect" href="$r__task_8h.html" title="Record parsing class for the task database." alt="" coords="1037,229,1104,256">
<area shape="rect" href="$r__calllog_8h.html" title="Record parsing class for call logs." alt="" coords="1687,155,1767,181">
<area shape="rect" href="$r__contact_8h.html" title="Blackberry database record parser class for contact records." alt="" coords="1521,155,1607,181">
<area shape="rect" href="$ldif_8cc.html" title="Routines for reading and writing LDAP LDIF data." alt="" coords="1381,229,1437,256">
<area shape="rect" href="$r__memo_8h.html" title="Record parsing class for the memo database." alt="" coords="1791,155,1871,181">
<area shape="rect" href="$r__message__base_8h.html" title="Base class for email&#45;oriented Blackberry database records." alt="" coords="3105,155,3236,181">
<area shape="rect" href="$r__servicebook_8h.html" title="Blackberry database record parser class for the Service Book record." alt="" coords="1895,155,2007,181">
<area shape="rect" href="$r__sms_8h-source.html" title="r_sms.h" alt="" coords="2169,155,2236,181">
<area shape="rect" href="$r__folder_8h.html" title="Record parsing class for the Folder database." alt="" coords="2260,155,2335,181">
<area shape="rect" href="$r__timezone_8h.html" title="Record parsing class for the timezone database." alt="" coords="2359,155,2455,181">
<area shape="rect" href="$m__javaloader_8h.html" title="Mode class for the JavaLoader mode." alt="" coords="517,155,624,181">
<area shape="rect" href="$m__jvmdebug_8h.html" title="Mode class for the JVMDebug mode." alt="" coords="864,155,971,181">
<area shape="rect" href="$record-internal_8h.html" title="Support functions, types, and templates for the general record parsing classes in..." alt="" coords="2031,155,2145,181">
<area shape="rect" href="$r__command_8cc.html" title="Internal implementation of CommandTable parser class." alt="" coords="2632,229,2739,256">
<area shape="rect" href="$r__dbdb_8cc.html" title="DatabaseDatabase record parser class." alt="" coords="2763,229,2840,256">
<area shape="rect" href="$r__recordstate_8cc.html" title="RecordStateTable database record parser class." alt="" coords="2864,229,2979,256">
<area shape="rect" href="$record_8cc.html" title="Misc." alt="" coords="3003,229,3077,256">
<area shape="rect" href="$s11n-boost_8h.html" title="Non&#45;intrusive versions of serialization functions for the record classes." alt="" coords="2732,155,2828,181">
<area shape="rect" href="$m__desktoptmpl_8h.html" title="Ease of use templates for the Desktop mode class." alt="" coords="235,229,355,256">
<area shape="rect" href="$m__desktop_8cc.html" title="Mode class for the Desktop mode." alt="" coords="5,229,109,256">
<area shape="rect" href="$packet_8cc.html" title="Low level protocol packet builder class." alt="" coords="133,229,211,256">
<area shape="rect" href="$r__calendar_8cc.html" title="Blackberry database record parser class for calendar records." alt="" coords="1793,304,1892,331">
<area shape="rect" href="$r__task_8cc.html" title="Record parsing class for the task database." alt="" coords="1275,304,1349,331">
<area shape="rect" href="$r__recur__base_8cc.html" title="Base class for recurring calendar event data." alt="" coords="1128,229,1243,256">
<area shape="rect" href="$r__calllog_8cc.html" title="Record parsing class for the phone call logs database." alt="" coords="1579,229,1667,256">
<area shape="rect" href="$r__contact_8cc.html" title="Blackberry database record parser class for contact records." alt="" coords="1461,229,1555,256">
<area shape="rect" href="$r__memo_8cc.html" title="Record parsing class for the memo database." alt="" coords="1691,229,1776,256">
<area shape="rect" href="$r__pin__message_8h.html" title="Blackberry database record parser class for pin message records." alt="" coords="3264,229,3384,256">
<area shape="rect" href="$r__saved__message_8h-source.html" title="r_saved_message.h" alt="" coords="3408,229,3547,256">
<area shape="rect" href="$r__message__base_8cc.html" title="Base class for email&#45;oriented Blackberry database records." alt="" coords="3101,229,3240,256">
<area shape="rect" href="$r__servicebook_8cc.html" title="Blackberry database record parser class for Service Book records." alt="" coords="1800,229,1920,256">
<area shape="rect" href="$r__sms_8cc.html" title="Record parsing class for the SMS database." alt="" coords="2301,229,2376,256">
<area shape="rect" href="$r__folder_8cc.html" title="Record parsing class for the folders database." alt="" coords="2400,229,2480,256">
<area shape="rect" href="$r__timezone_8cc.html" title="Record parsing class for the timezone database." alt="" coords="2504,229,2608,256">
<area shape="rect" href="$bmp_8h.html" title="BMP conversion routines." alt="" coords="379,229,435,256">
<area shape="rect" href="$m__javaloader_8cc.html" title="Mode class for the JavaLoader mode." alt="" coords="560,229,675,256">
<area shape="rect" href="$bmp_8cc.html" title="BMP conversion routines." alt="" coords="375,304,439,331">
<area shape="rect" href="$j__server_8h.html" title="Java Debug server classes." alt="" coords="936,229,1013,256">
<area shape="rect" href="$m__jvmdebug_8cc.html" title="Mode class for the JVMDebug mode." alt="" coords="800,229,912,256">
<area shape="rect" href="$j__server_8cc.html" title="Server protocol implementation." alt="" coords="1051,304,1133,331">
<area shape="rect" href="$j__record_8cc.html" title="Internal record manipulation functions for JDWP classes." alt="" coords="2045,229,2131,256">
<area shape="rect" href="$probe_8cc.html" title="USB Blackberry detection routines." alt="" coords="2155,229,2227,256">
