<area shape="rect" href="$r__calendar_8h.html" title="Blackberry database record parser class for calndar records." alt="" coords="420,80,511,107">
<area shape="rect" href="$r__task_8h.html" title="Record parsing class for the task database." alt="" coords="343,229,409,256">
<area shape="rect" href="$r__recur__base_8cc.html" title="Base class for recurring calendar event data." alt="" coords="535,80,649,107">
<area shape="rect" href="$record_8h.html" title="Blackberry database record classes." alt="" coords="1179,155,1245,181">
<area shape="rect" href="$r__task_8cc.html" title="Record parsing class for the task database." alt="" coords="5,304,80,331">
<area shape="rect" href="$r__calendar_8cc.html" title="Blackberry database record parser class for calendar records." alt="" coords="104,304,203,331">
<area shape="rect" href="$m__desktop_8h.html" title="Mode class for the Desktop mode." alt="" coords="3055,229,3151,256">
<area shape="rect" href="$barry_8h.html" title="Main header file for applications." alt="" coords="2789,379,2848,405">
<area shape="rect" href="$r__calllog_8h.html" title="Record parsing class for call logs." alt="" coords="1444,229,1524,256">
<area shape="rect" href="$r__contact_8h.html" title="Blackberry database record parser class for contact records." alt="" coords="1600,229,1685,256">
<area shape="rect" href="$ldif_8cc.html" title="Routines for reading and writing LDAP LDIF data." alt="" coords="1765,304,1821,331">
<area shape="rect" href="$r__memo_8h.html" title="Record parsing class for the memo database." alt="" coords="433,229,513,256">
<area shape="rect" href="$r__message__base_8h.html" title="Base class for email&#45;oriented Blackberry database records." alt="" coords="2260,229,2391,256">
<area shape="rect" href="$r__servicebook_8h.html" title="Blackberry database record parser class for the Service Book record." alt="" coords="537,229,649,256">
<area shape="rect" href="$r__sms_8h-source.html" title="r_sms.h" alt="" coords="673,229,740,256">
<area shape="rect" href="$r__folder_8h.html" title="Record parsing class for the Folder database." alt="" coords="884,229,959,256">
<area shape="rect" href="$r__timezone_8h.html" title="Record parsing class for the timezone database." alt="" coords="1121,229,1217,256">
<area shape="rect" href="$m__javaloader_8h.html" title="Mode class for the JavaLoader mode." alt="" coords="1907,229,2013,256">
<area shape="rect" href="$m__jvmdebug_8h.html" title="Mode class for the JVMDebug mode." alt="" coords="2727,229,2833,256">
<area shape="rect" href="$record-internal_8h.html" title="Support functions, types, and templates for the general record parsing classes in..." alt="" coords="983,229,1097,256">
<area shape="rect" href="$r__command_8cc.html" title="Internal implementation of CommandTable parser class." alt="" coords="1067,304,1173,331">
<area shape="rect" href="$r__dbdb_8cc.html" title="DatabaseDatabase record parser class." alt="" coords="1197,304,1275,331">
<area shape="rect" href="$r__recordstate_8cc.html" title="RecordStateTable database record parser class." alt="" coords="1299,304,1413,331">
<area shape="rect" href="$record_8cc.html" title="Misc." alt="" coords="1437,304,1512,331">
<area shape="rect" href="$s11n-boost_8h.html" title="Non&#45;intrusive versions of serialization functions for the record classes." alt="" coords="764,229,860,256">
<area shape="rect" href="$m__desktoptmpl_8h.html" title="Ease of use templates for the Desktop mode class." alt="" coords="3043,304,3163,331">
<area shape="rect" href="$m__desktop_8cc.html" title="Mode class for the Desktop mode." alt="" coords="3288,304,3392,331">
<area shape="rect" href="$packet_8cc.html" title="Low level protocol packet builder class." alt="" coords="3187,304,3264,331">
<area shape="rect" href="$r__calllog_8cc.html" title="Record parsing class for the phone call logs database." alt="" coords="1536,304,1624,331">
<area shape="rect" href="$r__contact_8cc.html" title="Blackberry database record parser class for contact records." alt="" coords="1648,304,1741,331">
<area shape="rect" href="$r__memo_8cc.html" title="Record parsing class for the memo database." alt="" coords="227,304,312,331">
<area shape="rect" href="$r__message_8h.html" title="Blackberry database record parser class for email records." alt="" coords="2277,304,2373,331">
<area shape="rect" href="$r__pin__message_8h.html" title="Blackberry database record parser class for pin message records." alt="" coords="2397,304,2517,331">
<area shape="rect" href="$r__saved__message_8h-source.html" title="r_saved_message.h" alt="" coords="2541,304,2680,331">
<area shape="rect" href="$r__message__base_8cc.html" title="Base class for email&#45;oriented Blackberry database records." alt="" coords="1984,304,2123,331">
<area shape="rect" href="$r__servicebook_8cc.html" title="Blackberry database record parser class for Service Book records." alt="" coords="336,304,456,331">
<area shape="rect" href="$r__sms_8cc.html" title="Record parsing class for the SMS database." alt="" coords="480,304,555,331">
<area shape="rect" href="$r__folder_8cc.html" title="Record parsing class for the folders database." alt="" coords="579,304,659,331">
<area shape="rect" href="$r__timezone_8cc.html" title="Record parsing class for the timezone database." alt="" coords="939,304,1043,331">
<area shape="rect" href="$bmp_8h.html" title="BMP conversion routines." alt="" coords="2147,304,2203,331">
<area shape="rect" href="$m__javaloader_8cc.html" title="Mode class for the JavaLoader mode." alt="" coords="1845,304,1960,331">
<area shape="rect" href="$bmp_8cc.html" title="BMP conversion routines." alt="" coords="2143,379,2207,405">
<area shape="rect" href="$j__server_8h.html" title="Java Debug server classes." alt="" coords="2704,304,2781,331">
<area shape="rect" href="$m__jvmdebug_8cc.html" title="Mode class for the JVMDebug mode." alt="" coords="2856,304,2968,331">
<area shape="rect" href="$j__server_8cc.html" title="Server protocol implementation." alt="" coords="1393,379,1476,405">
<area shape="rect" href="$j__record_8cc.html" title="Internal record manipulation functions for JDWP classes." alt="" coords="829,304,915,331">
<area shape="rect" href="$probe_8cc.html" title="USB Blackberry detection routines." alt="" coords="683,304,755,331">
