<area shape="rect" href="$r__calendar_8h.html" title="Blackberry database record parser class for calendar records." alt="" coords="2629,80,2720,107">
<area shape="rect" href="$r__task_8h.html" title="Record parsing class for the task database." alt="" coords="2712,229,2779,256">
<area shape="rect" href="$r__recur__base_8cc.html" title="Base class for recurring calendar event data." alt="" coords="2955,80,3069,107">
<area shape="rect" href="$record_8h.html" title="Blackberry database record classes." alt="" coords="1396,155,1463,181">
<area shape="rect" href="$parser_8cc.html" title="Virtual parser wrapper." alt="" coords="901,379,976,405">
<area shape="rect" href="$r__task_8cc.html" title="Record parsing class for the task database." alt="" coords="3040,304,3115,331">
<area shape="rect" href="$r__calendar_8cc.html" title="Blackberry database record parser class for calendar records." alt="" coords="2488,304,2587,331">
<area shape="rect" href="$vevent_8h-source.html" title="vevent.h" alt="" coords="3139,304,3211,331">
<area shape="rect" href="$configfile_8h.html" title="Barry configuraion class, for one device PIN." alt="" coords="403,229,485,256">
<area shape="rect" href="$barry_8h.html" title="Main header file for applications." alt="" coords="40,304,99,331">
<area shape="rect" href="$r__calllog_8h.html" title="Record parsing class for call logs." alt="" coords="2047,229,2127,256">
<area shape="rect" href="$r__bookmark_8h.html" title="Record parsing class for call logs." alt="" coords="1264,229,1363,256">
<area shape="rect" href="$r__contact_8h.html" title="Blackberry database record parser class for contact records." alt="" coords="1387,229,1472,256">
<area shape="rect" href="$ldif_8cc.html" title="Routines for reading and writing LDAP LDIF data." alt="" coords="883,304,939,331">
<area shape="rect" href="$r__cstore_8h.html" title="Blackberry database record parser class for Content Store records." alt="" coords="2168,229,2248,256">
<area shape="rect" href="$r__memo_8h.html" title="Record parsing class for the memo database." alt="" coords="2381,229,2461,256">
<area shape="rect" href="$r__message__base_8h.html" title="Base class for email&#45;oriented Blackberry database records." alt="" coords="1109,229,1240,256">
<area shape="rect" href="$r__servicebook_8h.html" title="Blackberry database record parser class for the Service Book record." alt="" coords="781,229,893,256">
<area shape="rect" href="$r__sms_8h-source.html" title="r_sms.h" alt="" coords="917,229,984,256">
<area shape="rect" href="$r__folder_8h.html" title="Record parsing class for the Folder database." alt="" coords="563,229,637,256">
<area shape="rect" href="$r__timezone_8h.html" title="Record parsing class for the timezone database." alt="" coords="661,229,757,256">
<area shape="rect" href="$m__desktop_8h.html" title="Mode class for the Desktop mode." alt="" coords="21,229,117,256">
<area shape="rect" href="$m__javaloader_8h.html" title="Mode class for the JavaLoader mode." alt="" coords="141,229,248,256">
<area shape="rect" href="$m__jvmdebug_8h.html" title="Mode class for the JVMDebug mode." alt="" coords="272,229,379,256">
<area shape="rect" href="$record-internal_8h.html" title="Support functions, types, and templates for the general record parsing classes in..." alt="" coords="1819,229,1933,256">
<area shape="rect" href="$r__command_8cc.html" title="Internal implementation of CommandTable parser class." alt="" coords="1587,304,1693,331">
<area shape="rect" href="$r__dbdb_8cc.html" title="DatabaseDatabase record parser class." alt="" coords="1717,304,1795,331">
<area shape="rect" href="$r__recordstate_8cc.html" title="RecordStateTable database record parser class." alt="" coords="1819,304,1933,331">
<area shape="rect" href="$record_8cc.html" title="Misc." alt="" coords="1957,304,2032,331">
<area shape="rect" href="$s11n-boost_8h.html" title="Non&#45;intrusive versions of serialization functions for the record classes." alt="" coords="1597,229,1693,256">
<area shape="rect" href="$restore_8h.html" title="Builder class for restoring from Barry Backup files." alt="" coords="173,304,245,331">
<area shape="rect" href="$configfile_8cc.html" title="Barry configuraion class, for one device PIN." alt="" coords="181,379,272,405">
<area shape="rect" href="$probe_8cc.html" title="USB Blackberry detection routines." alt="" coords="389,304,461,331">
<area shape="rect" href="$r__calllog_8cc.html" title="Record parsing class for the phone call logs database." alt="" coords="2056,304,2144,331">
<area shape="rect" href="$r__bookmark_8cc.html" title="Record parsing class for the phone browser bookmarks database." alt="" coords="1339,304,1445,331">
<area shape="rect" href="$vcard_8h.html" title="Conversion routines for vcards." alt="" coords="2763,304,2827,331">
<area shape="rect" href="$r__contact_8cc.html" title="Blackberry database record parser class for contact records." alt="" coords="1469,304,1563,331">
<area shape="rect" href="$barrysync_8h.html" title="Main header file for libbarrysync." alt="" coords="2933,379,3021,405">
<area shape="rect" href="$mimeio_8cc.html" title="Storage, parser, builder classes for MIME objects (vcard, vevent, vtodo, vjournal)..." alt="" coords="2829,379,2909,405">
<area shape="rect" href="$r__cstore_8cc.html" title="Blackberry database record parser class for Content Store records." alt="" coords="2168,304,2253,331">
<area shape="rect" href="$vjournal_8h-source.html" title="vjournal.h" alt="" coords="2851,304,2928,331">
<area shape="rect" href="$r__memo_8cc.html" title="Record parsing class for the memo database." alt="" coords="2379,304,2464,331">
<area shape="rect" href="$r__message_8h.html" title="Blackberry database record parser class for email records." alt="" coords="269,304,365,331">
<area shape="rect" href="$r__pin__message_8h.html" title="Blackberry database record parser class for pin message records." alt="" coords="688,304,808,331">
<area shape="rect" href="$r__saved__message_8h-source.html" title="r_saved_message.h" alt="" coords="963,304,1101,331">
<area shape="rect" href="$r__message__base_8cc.html" title="Base class for email&#45;oriented Blackberry database records." alt="" coords="1176,304,1315,331">
<area shape="rect" href="$vtodo_8h-source.html" title="vtodo.h" alt="" coords="2952,304,3016,331">
<area shape="rect" href="$vtodo_8cc-source.html" title="vtodo.cc" alt="" coords="3045,379,3117,405">
<area shape="rect" href="$vevent_8cc-source.html" title="vevent.cc" alt="" coords="3141,379,3219,405">
