<area shape="rect" href="$dll_8h.html" title="Macros for handling DLL/library API visibility." alt="" coords="919,304,964,331">
<area shape="rect" href="$record_8h.html" title="Blackberry database record classes." alt="" coords="1115,80,1181,107">
<area shape="rect" href="$r__calendar_8h.html" title="Blackberry database record parser class for calendar records." alt="" coords="661,229,752,256">
<area shape="rect" href="$r__calllog_8h.html" title="Record parsing class for call logs." alt="" coords="1589,229,1669,256">
<area shape="rect" href="$r__bookmark_8h.html" title="Record parsing class for call logs." alt="" coords="1693,229,1792,256">
<area shape="rect" href="$r__contact_8h.html" title="Blackberry database record parser class for contact records." alt="" coords="776,229,861,256">
<area shape="rect" href="$r__cstore_8h.html" title="Blackberry database record parser class for Content Store records." alt="" coords="1021,229,1101,256">
<area shape="rect" href="$r__memo_8h.html" title="Record parsing class for the memo database." alt="" coords="1267,229,1347,256">
<area shape="rect" href="$r__message_8h.html" title="Blackberry database record parser class for email records." alt="" coords="615,155,711,181">
<area shape="rect" href="$r__servicebook_8h.html" title="Blackberry database record parser class for the Service Book record." alt="" coords="885,229,997,256">
<area shape="rect" href="$r__task_8h.html" title="Record parsing class for the task database." alt="" coords="1816,229,1883,256">
<area shape="rect" href="$r__pin__message_8h.html" title="Blackberry database record parser class for pin message records." alt="" coords="257,155,377,181">
<area shape="rect" href="$r__saved__message_8h-source.html" title="r_saved_message.h" alt="" coords="401,155,540,181">
<area shape="rect" href="$r__sms_8h-source.html" title="r_sms.h" alt="" coords="1176,229,1243,256">
<area shape="rect" href="$r__folder_8h.html" title="Record parsing class for the Folder database." alt="" coords="1371,229,1445,256">
<area shape="rect" href="$r__timezone_8h.html" title="Record parsing class for the timezone database." alt="" coords="1469,229,1565,256">
<area shape="rect" href="$r__message__base_8h.html" title="Base class for email&#45;oriented Blackberry database records." alt="" coords="405,229,536,256">
