<area shape="rect" href="$r__sms_8h-source.html" title="r_sms.h" alt="" coords="936,80,1003,107">
<area shape="rect" href="$record-internal_8h.html" title="Support functions, types, and templates for the general record parsing classes in..." alt="" coords="2229,80,2344,107">
<area shape="rect" href="$protostructs_8h.html" title="USB Blackberry bulk protocol API." alt="" coords="2391,155,2492,181">
<area shape="rect" href="$data_8h.html" title="Class to deal with pre&#45;saved data files." alt="" coords="1096,304,1152,331">
<area shape="rect" href="$time_8h.html" title="Time related conversion routines." alt="" coords="2659,304,2715,331">
<area shape="rect" href="$debug_8h-source.html" title="debug.h" alt="" coords="2861,80,2928,107">
<area shape="rect" href="$iconv_8h.html" title="iconv wrapper class, and pluggable interface for records" alt="" coords="791,229,852,256">
<area shape="rect" href="$strnlen_8h.html" title="Header for strnlen() call, for systems that don&#39;t have GNU." alt="" coords="2505,80,2577,107">
<area shape="rect" href="$dll_8h.html" title="Macros for handling DLL/library API visibility." alt="" coords="2011,379,2056,405">
<area shape="rect" href="$record_8h.html" title="Blackberry database record classes." alt="" coords="936,155,1003,181">
<area shape="rect" href="$r__calendar_8h.html" title="Blackberry database record parser class for calendar records." alt="" coords="433,229,524,256">
<area shape="rect" href="$r__calllog_8h.html" title="Record parsing class for call logs." alt="" coords="1499,304,1579,331">
<area shape="rect" href="$r__bookmark_8h.html" title="Record parsing class for call logs." alt="" coords="1603,304,1701,331">
<area shape="rect" href="$r__contact_8h.html" title="Blackberry database record parser class for contact records." alt="" coords="296,304,381,331">
<area shape="rect" href="$r__cstore_8h.html" title="Blackberry database record parser class for Content Store records." alt="" coords="56,304,136,331">
<area shape="rect" href="$r__memo_8h.html" title="Record parsing class for the memo database." alt="" coords="1176,304,1256,331">
<area shape="rect" href="$r__message_8h.html" title="Blackberry database record parser class for email records." alt="" coords="1281,229,1377,256">
<area shape="rect" href="$r__servicebook_8h.html" title="Blackberry database record parser class for the Service Book record." alt="" coords="160,304,272,331">
<area shape="rect" href="$r__task_8h.html" title="Record parsing class for the task database." alt="" coords="599,229,665,256">
<area shape="rect" href="$r__pin__message_8h.html" title="Blackberry database record parser class for pin message records." alt="" coords="1137,229,1257,256">
<area shape="rect" href="$r__saved__message_8h-source.html" title="r_saved_message.h" alt="" coords="900,229,1039,256">
<area shape="rect" href="$r__folder_8h.html" title="Record parsing class for the Folder database." alt="" coords="1400,304,1475,331">
<area shape="rect" href="$r__timezone_8h.html" title="Record parsing class for the timezone database." alt="" coords="1280,304,1376,331">
<area shape="rect" href="$r__recur__base_8h.html" title="Base class for recurring calendar event data." alt="" coords="507,304,613,331">
<area shape="rect" href="$r__message__base_8h.html" title="Base class for email&#45;oriented Blackberry database records." alt="" coords="941,304,1072,331">
<area shape="rect" href="$error_8h.html" title="Common exception classes for the Barry library." alt="" coords="2295,229,2351,256">
<area shape="rect" href="$endian_8h.html" title="Endian conversion macros." alt="" coords="2216,155,2285,181">
<area shape="rect" href="$pin_8h.html" title="class for device PIN notation" alt="" coords="1979,304,2027,331">
<area shape="rect" href="$common_8h.html" title="General header for the Barry library." alt="" coords="2724,155,2807,181">
<area shape="rect" href="$log_8h.html" title="General header for the Barry library." alt="" coords="2831,155,2879,181">
