<area shape="rect" href="$record_8h.html" title="Blackberry database record classes." alt="" coords="2155,80,2221,107">
<area shape="rect" href="$r__timezone_8cc.html" title="Record parsing class for the timezone database." alt="" coords="3563,229,3667,256">
<area shape="rect" href="$m__desktop_8h.html" title="Mode class for the Desktop mode." alt="" coords="200,155,296,181">
<area shape="rect" href="$barry_8h.html" title="Main header file for applications." alt="" coords="464,304,523,331">
<area shape="rect" href="$r__calendar_8h.html" title="Blackberry database record parser class for calndar records." alt="" coords="2053,229,2144,256">
<area shape="rect" href="$r__recur__base_8h.html" title="Base class for recurring calendar event data." alt="" coords="1923,155,2029,181">
<area shape="rect" href="$r__task_8h.html" title="Record parsing class for the task database." alt="" coords="1661,229,1728,256">
<area shape="rect" href="$r__calllog_8h.html" title="Record parsing class for call logs." alt="" coords="2148,155,2228,181">
<area shape="rect" href="$r__contact_8h.html" title="Blackberry database record parser class for contact records." alt="" coords="1140,155,1225,181">
<area shape="rect" href="$ldif_8cc.html" title="Routines for reading and writing LDAP LDIF data." alt="" coords="1037,229,1093,256">
<area shape="rect" href="$r__memo_8h.html" title="Record parsing class for the memo database." alt="" coords="2252,155,2332,181">
<area shape="rect" href="$r__message__base_8h.html" title="Base class for email&#45;oriented Blackberry database records." alt="" coords="1503,155,1633,181">
<area shape="rect" href="$r__servicebook_8h.html" title="Blackberry database record parser class for the Service Book record." alt="" coords="2356,155,2468,181">
<area shape="rect" href="$r__sms_8h-source.html" title="r_sms.h" alt="" coords="2679,155,2745,181">
<area shape="rect" href="$r__folder_8h.html" title="Record parsing class for the Folder database." alt="" coords="2769,155,2844,181">
<area shape="rect" href="$m__javaloader_8h.html" title="Mode class for the JavaLoader mode." alt="" coords="615,155,721,181">
<area shape="rect" href="$m__jvmdebug_8h.html" title="Mode class for the JVMDebug mode." alt="" coords="912,155,1019,181">
<area shape="rect" href="$record-internal_8h.html" title="Support functions, types, and templates for the general record parsing classes in..." alt="" coords="2540,155,2655,181">
<area shape="rect" href="$r__command_8cc.html" title="Internal implementation of CommandTable parser class." alt="" coords="3093,229,3200,256">
<area shape="rect" href="$r__dbdb_8cc.html" title="DatabaseDatabase record parser class." alt="" coords="3224,229,3301,256">
<area shape="rect" href="$r__recordstate_8cc.html" title="RecordStateTable database record parser class." alt="" coords="3325,229,3440,256">
<area shape="rect" href="$record_8cc.html" title="Misc." alt="" coords="3464,229,3539,256">
<area shape="rect" href="$s11n-boost_8h.html" title="Non&#45;intrusive versions of serialization functions for the record classes." alt="" coords="3071,155,3167,181">
<area shape="rect" href="$m__desktoptmpl_8h.html" title="Ease of use templates for the Desktop mode class." alt="" coords="285,229,405,256">
<area shape="rect" href="$m__desktop_8cc.html" title="Mode class for the Desktop mode." alt="" coords="5,229,109,256">
<area shape="rect" href="$packet_8cc.html" title="Low level protocol packet builder class." alt="" coords="133,229,211,256">
<area shape="rect" href="$r__calendar_8cc.html" title="Blackberry database record parser class for calendar records." alt="" coords="2481,304,2580,331">
<area shape="rect" href="$r__task_8cc.html" title="Record parsing class for the task database." alt="" coords="2061,304,2136,331">
<area shape="rect" href="$r__recur__base_8cc.html" title="Base class for recurring calendar event data." alt="" coords="1752,229,1867,256">
<area shape="rect" href="$r__calllog_8cc.html" title="Record parsing class for the phone call logs database." alt="" coords="2168,229,2256,256">
<area shape="rect" href="$r__contact_8cc.html" title="Blackberry database record parser class for contact records." alt="" coords="1117,229,1211,256">
<area shape="rect" href="$r__memo_8cc.html" title="Record parsing class for the memo database." alt="" coords="2280,229,2365,256">
<area shape="rect" href="$r__message_8h.html" title="Blackberry database record parser class for email records." alt="" coords="1235,229,1331,256">
<area shape="rect" href="$r__pin__message_8h.html" title="Blackberry database record parser class for pin message records." alt="" coords="1355,229,1475,256">
<area shape="rect" href="$r__saved__message_8h-source.html" title="r_saved_message.h" alt="" coords="1499,229,1637,256">
<area shape="rect" href="$r__message__base_8cc.html" title="Base class for email&#45;oriented Blackberry database records." alt="" coords="1891,229,2029,256">
<area shape="rect" href="$r__servicebook_8cc.html" title="Blackberry database record parser class for Service Book records." alt="" coords="2389,229,2509,256">
<area shape="rect" href="$r__sms_8cc.html" title="Record parsing class for the SMS database." alt="" coords="2891,229,2965,256">
<area shape="rect" href="$r__folder_8cc.html" title="Record parsing class for the folders database." alt="" coords="2989,229,3069,256">
<area shape="rect" href="$bmp_8h.html" title="BMP conversion routines." alt="" coords="720,229,776,256">
<area shape="rect" href="$m__javaloader_8cc.html" title="Mode class for the JavaLoader mode." alt="" coords="531,229,645,256">
<area shape="rect" href="$bmp_8cc.html" title="BMP conversion routines." alt="" coords="716,304,780,331">
<area shape="rect" href="$j__server_8h.html" title="Java Debug server classes." alt="" coords="936,229,1013,256">
<area shape="rect" href="$m__jvmdebug_8cc.html" title="Mode class for the JVMDebug mode." alt="" coords="800,229,912,256">
<area shape="rect" href="$j__server_8cc.html" title="Server protocol implementation." alt="" coords="1444,304,1527,331">
<area shape="rect" href="$j__record_8cc.html" title="Internal record manipulation functions for JDWP classes." alt="" coords="2731,229,2816,256">
<area shape="rect" href="$probe_8cc.html" title="USB Blackberry detection routines." alt="" coords="2635,229,2707,256">
