<area shape="rect" href="$r__task_8h.html" title="Record parsing class for the task database." alt="" coords="1172,80,1239,107">
<area shape="rect" href="$r__calendar_8h.html" title="Blackberry database record parser class for calndar records." alt="" coords="267,229,357,256">
<area shape="rect" href="$record-internal_8h.html" title="Support functions, types, and templates for the general record parsing classes in..." alt="" coords="2085,80,2200,107">
<area shape="rect" href="$protostructs_8h.html" title="USB Blackberry bulk protocol API." alt="" coords="2265,155,2367,181">
<area shape="rect" href="$data_8h.html" title="Class to deal with pre&#45;saved data files." alt="" coords="68,304,124,331">
<area shape="rect" href="$time_8h.html" title="Time related conversion routines." alt="" coords="2159,304,2215,331">
<area shape="rect" href="$iconv_8h.html" title="iconv wrapper class, and pluggable interface for records" alt="" coords="381,229,443,256">
<area shape="rect" href="$debug_8h-source.html" title="debug.h" alt="" coords="2512,80,2579,107">
<area shape="rect" href="$dll_8h.html" title="Macros for handling DLL/library API visibility." alt="" coords="1301,379,1347,405">
<area shape="rect" href="$record_8h.html" title="Blackberry database record classes." alt="" coords="1172,155,1239,181">
<area shape="rect" href="$r__recur__base_8h.html" title="Base class for recurring calendar event data." alt="" coords="249,304,356,331">
<area shape="rect" href="$r__calllog_8h.html" title="Record parsing class for call logs." alt="" coords="1609,304,1689,331">
<area shape="rect" href="$r__contact_8h.html" title="Blackberry database record parser class for contact records." alt="" coords="719,304,804,331">
<area shape="rect" href="$r__memo_8h.html" title="Record parsing class for the memo database." alt="" coords="1505,304,1585,331">
<area shape="rect" href="$r__message_8h.html" title="Blackberry database record parser class for email records." alt="" coords="1228,229,1324,256">
<area shape="rect" href="$r__servicebook_8h.html" title="Blackberry database record parser class for the Service Book record." alt="" coords="583,304,695,331">
<area shape="rect" href="$r__pin__message_8h.html" title="Blackberry database record parser class for pin message records." alt="" coords="921,229,1041,256">
<area shape="rect" href="$r__saved__message_8h-source.html" title="r_saved_message.h" alt="" coords="1065,229,1204,256">
<area shape="rect" href="$r__sms_8h-source.html" title="r_sms.h" alt="" coords="1713,304,1780,331">
<area shape="rect" href="$r__folder_8h.html" title="Record parsing class for the Folder database." alt="" coords="1287,304,1361,331">
<area shape="rect" href="$r__timezone_8h.html" title="Record parsing class for the timezone database." alt="" coords="1385,304,1481,331">
<area shape="rect" href="$r__message__base_8h.html" title="Base class for email&#45;oriented Blackberry database records." alt="" coords="980,304,1111,331">
<area shape="rect" href="$error_8h.html" title="Common exception classes for the Barry library." alt="" coords="2313,304,2369,331">
<area shape="rect" href="$endian_8h.html" title="Endian conversion macros." alt="" coords="2108,155,2177,181">
<area shape="rect" href="$common_8h.html" title="General header for the Barry library." alt="" coords="2395,155,2477,181">
<area shape="rect" href="$log_8h.html" title="General header for the Barry library." alt="" coords="2552,155,2600,181">
