<area shape="rect" href="$record_8h.html" title="Blackberry database record classes." alt="" coords="1163,155,1229,181">
<area shape="rect" href="$record-internal_8h.html" title="Support functions, types, and templates for the general record parsing classes in..." alt="" coords="1999,80,2113,107">
<area shape="rect" href="$protostructs_8h.html" title="USB Blackberry bulk protocol API." alt="" coords="1932,155,2033,181">
<area shape="rect" href="$error_8h.html" title="Common exception classes for the Barry library." alt="" coords="2173,155,2229,181">
<area shape="rect" href="$endian_8h.html" title="Endian conversion macros." alt="" coords="2079,155,2148,181">
<area shape="rect" href="$protocol_8h.html" title="USB Blackberry bulk protocol API constants." alt="" coords="2239,80,2316,107">
<area shape="rect" href="$data_8h.html" title="Class to deal with pre&#45;saved data files." alt="" coords="80,304,136,331">
<area shape="rect" href="$time_8h.html" title="Time related conversion routines." alt="" coords="2621,304,2677,331">
<area shape="rect" href="$debug_8h-source.html" title="debug.h" alt="" coords="2443,80,2509,107">
<area shape="rect" href="$dll_8h.html" title="Macros for handling DLL/library API visibility." alt="" coords="1327,379,1372,405">
<area shape="rect" href="$r__calendar_8h.html" title="Blackberry database record parser class for calndar records." alt="" coords="608,229,699,256">
<area shape="rect" href="$r__calllog_8h.html" title="Record parsing class for call logs." alt="" coords="1763,304,1843,331">
<area shape="rect" href="$r__contact_8h.html" title="Blackberry database record parser class for contact records." alt="" coords="261,304,347,331">
<area shape="rect" href="$r__memo_8h.html" title="Record parsing class for the memo database." alt="" coords="1659,304,1739,331">
<area shape="rect" href="$r__message_8h.html" title="Blackberry database record parser class for email records." alt="" coords="1016,229,1112,256">
<area shape="rect" href="$r__servicebook_8h.html" title="Blackberry database record parser class for the Service Book record." alt="" coords="371,304,483,331">
<area shape="rect" href="$r__task_8h.html" title="Record parsing class for the task database." alt="" coords="824,229,891,256">
<area shape="rect" href="$r__pin__message_8h.html" title="Blackberry database record parser class for pin message records." alt="" coords="1136,229,1256,256">
<area shape="rect" href="$r__saved__message_8h-source.html" title="r_saved_message.h" alt="" coords="1280,229,1419,256">
<area shape="rect" href="$r__sms_8h-source.html" title="r_sms.h" alt="" coords="1568,304,1635,331">
<area shape="rect" href="$r__folder_8h.html" title="Record parsing class for the Folder database." alt="" coords="1349,304,1424,331">
<area shape="rect" href="$r__timezone_8h.html" title="Record parsing class for the timezone database." alt="" coords="1448,304,1544,331">
<area shape="rect" href="$r__recur__base_8h.html" title="Base class for recurring calendar event data." alt="" coords="608,304,715,331">
<area shape="rect" href="$r__message__base_8h.html" title="Base class for email&#45;oriented Blackberry database records." alt="" coords="1043,304,1173,331">
<area shape="rect" href="$common_8h.html" title="General header for the Barry library." alt="" coords="2391,155,2473,181">
<area shape="rect" href="$log_8h.html" title="General header for the Barry library." alt="" coords="2548,155,2596,181">
