<area shape="rect" href="$configfile_8h.html" title="Barry configuraion class, for one device PIN." alt="" coords="717,80,800,107">
<area shape="rect" href="$barry_8h.html" title="Main header file for applications." alt="" coords="120,155,179,181">
<area shape="rect" href="$r__calendar_8h.html" title="Blackberry database record parser class for calendar records." alt="" coords="432,155,523,181">
<area shape="rect" href="$r__recur__base_8h.html" title="Base class for recurring calendar event data." alt="" coords="512,80,619,107">
<area shape="rect" href="$r__task_8h.html" title="Record parsing class for the task database." alt="" coords="203,155,269,181">
<area shape="rect" href="$r__calllog_8h.html" title="Record parsing class for call logs." alt="" coords="2628,80,2708,107">
<area shape="rect" href="$r__bookmark_8h.html" title="Record parsing class for call logs." alt="" coords="1591,80,1689,107">
<area shape="rect" href="$r__contact_8h.html" title="Blackberry database record parser class for contact records." alt="" coords="1016,80,1101,107">
<area shape="rect" href="$ldif_8cc.html" title="Routines for reading and writing LDAP LDIF data." alt="" coords="693,155,749,181">
<area shape="rect" href="$r__cstore_8h.html" title="Blackberry database record parser class for Content Store records." alt="" coords="2524,80,2604,107">
<area shape="rect" href="$r__memo_8h.html" title="Record parsing class for the memo database." alt="" coords="2329,80,2409,107">
<area shape="rect" href="$r__message__base_8h.html" title="Base class for email&#45;oriented Blackberry database records." alt="" coords="3284,80,3415,107">
<area shape="rect" href="$r__servicebook_8h.html" title="Blackberry database record parser class for the Service Book record." alt="" coords="2059,80,2171,107">
<area shape="rect" href="$r__sms_8h-source.html" title="r_sms.h" alt="" coords="2433,80,2500,107">
<area shape="rect" href="$r__folder_8h.html" title="Record parsing class for the Folder database." alt="" coords="1477,80,1552,107">
<area shape="rect" href="$r__timezone_8h.html" title="Record parsing class for the timezone database." alt="" coords="1935,80,2031,107">
<area shape="rect" href="$m__desktop_8h.html" title="Mode class for the Desktop mode." alt="" coords="187,80,283,107">
<area shape="rect" href="$m__javaloader_8h.html" title="Mode class for the JavaLoader mode." alt="" coords="307,80,413,107">
<area shape="rect" href="$m__jvmdebug_8h.html" title="Mode class for the JVMDebug mode." alt="" coords="5,80,112,107">
<area shape="rect" href="$record-internal_8h.html" title="Support functions, types, and templates for the general record parsing classes in..." alt="" coords="1791,80,1905,107">
<area shape="rect" href="$r__command_8cc.html" title="Internal implementation of CommandTable parser class." alt="" coords="1176,155,1283,181">
<area shape="rect" href="$r__dbdb_8cc.html" title="DatabaseDatabase record parser class." alt="" coords="1357,155,1435,181">
<area shape="rect" href="$r__recordstate_8cc.html" title="RecordStateTable database record parser class." alt="" coords="1693,155,1808,181">
<area shape="rect" href="$record_8cc.html" title="Misc." alt="" coords="2256,155,2331,181">
<area shape="rect" href="$s11n-boost_8h.html" title="Non&#45;intrusive versions of serialization functions for the record classes." alt="" coords="2783,80,2879,107">
<area shape="rect" href="$restore_8h.html" title="Builder class for restoring from Barry Backup files." alt="" coords="547,155,619,181">
<area shape="rect" href="$configfile_8cc.html" title="Barry configuraion class, for one device PIN." alt="" coords="2075,229,2165,256">
<area shape="rect" href="$probe_8cc.html" title="USB Blackberry detection routines." alt="" coords="912,155,984,181">
<area shape="rect" href="$vevent_8h-source.html" title="vevent.h" alt="" coords="392,229,464,256">
<area shape="rect" href="$parser_8cc.html" title="Virtual parser wrapper." alt="" coords="2676,229,2751,256">
<area shape="rect" href="$r__calendar_8cc.html" title="Blackberry database record parser class for calendar records." alt="" coords="1120,229,1219,256">
<area shape="rect" href="$r__task_8cc.html" title="Record parsing class for the task database." alt="" coords="488,229,563,256">
<area shape="rect" href="$r__recur__base_8cc.html" title="Base class for recurring calendar event data." alt="" coords="293,155,408,181">
<area shape="rect" href="$vtodo_8h-source.html" title="vtodo.h" alt="" coords="204,229,268,256">
<area shape="rect" href="$r__calllog_8cc.html" title="Record parsing class for the phone call logs database." alt="" coords="2723,155,2811,181">
<area shape="rect" href="$r__bookmark_8cc.html" title="Record parsing class for the phone browser bookmarks database." alt="" coords="1563,155,1669,181">
<area shape="rect" href="$vcard_8h.html" title="Conversion routines for vcards." alt="" coords="773,155,837,181">
<area shape="rect" href="$r__contact_8cc.html" title="Blackberry database record parser class for contact records." alt="" coords="1059,155,1152,181">
<area shape="rect" href="$r__cstore_8cc.html" title="Blackberry database record parser class for Content Store records." alt="" coords="2613,155,2699,181">
<area shape="rect" href="$vjournal_8h-source.html" title="vjournal.h" alt="" coords="2835,155,2912,181">
<area shape="rect" href="$r__memo_8cc.html" title="Record parsing class for the memo database." alt="" coords="2355,155,2440,181">
<area shape="rect" href="$r__message_8h.html" title="Blackberry database record parser class for email records." alt="" coords="3301,155,3397,181">
<area shape="rect" href="$r__pin__message_8h.html" title="Blackberry database record parser class for pin message records." alt="" coords="3421,155,3541,181">
<area shape="rect" href="$r__saved__message_8h-source.html" title="r_saved_message.h" alt="" coords="3565,155,3704,181">
<area shape="rect" href="$r__message__base_8cc.html" title="Base class for email&#45;oriented Blackberry database records." alt="" coords="2987,155,3125,181">
<area shape="rect" href="$r__servicebook_8cc.html" title="Blackberry database record parser class for Service Book records." alt="" coords="2061,155,2181,181">
<area shape="rect" href="$r__sms_8cc.html" title="Record parsing class for the SMS database." alt="" coords="2515,155,2589,181">
<area shape="rect" href="$r__folder_8cc.html" title="Record parsing class for the folders database." alt="" coords="1459,155,1539,181">
<area shape="rect" href="$r__timezone_8cc.html" title="Record parsing class for the timezone database." alt="" coords="1933,155,2037,181">
