<area shape="rect" href="$j__record_8cc.html" title="Internal record manipulation functions for JDWP classes." alt="" coords="5,80,91,107">
<area shape="rect" href="$j__server_8cc.html" title="Server protocol implementation." alt="" coords="115,80,197,107">
<area shape="rect" href="$probe_8cc.html" title="USB Blackberry detection routines." alt="" coords="221,80,293,107">
<area shape="rect" href="$r__bookmark_8cc.html" title="Record parsing class for the phone browser bookmarks database." alt="" coords="317,80,424,107">
<area shape="rect" href="$r__calendar_8cc.html" title="Blackberry database record parser class for calendar records." alt="" coords="448,80,547,107">
<area shape="rect" href="$r__calllog_8cc.html" title="Record parsing class for the phone call logs database." alt="" coords="571,80,659,107">
<area shape="rect" href="$r__command_8cc.html" title="Internal implementation of CommandTable parser class." alt="" coords="683,80,789,107">
<area shape="rect" href="$r__contact_8cc.html" title="Blackberry database record parser class for contact records." alt="" coords="813,80,907,107">
<area shape="rect" href="$r__cstore_8cc.html" title="Blackberry database record parser class for Content Store records." alt="" coords="931,80,1016,107">
<area shape="rect" href="$r__dbdb_8cc.html" title="DatabaseDatabase record parser class." alt="" coords="1040,80,1117,107">
<area shape="rect" href="$r__folder_8cc.html" title="Record parsing class for the folders database." alt="" coords="1141,80,1221,107">
<area shape="rect" href="$r__memo_8cc.html" title="Record parsing class for the memo database." alt="" coords="1245,80,1331,107">
<area shape="rect" href="$r__message__base_8cc.html" title="Base class for email&#45;oriented Blackberry database records." alt="" coords="1355,80,1493,107">
<area shape="rect" href="$r__recordstate_8cc.html" title="RecordStateTable database record parser class." alt="" coords="1517,80,1632,107">
<area shape="rect" href="$r__servicebook_8cc.html" title="Blackberry database record parser class for Service Book records." alt="" coords="1656,80,1776,107">
<area shape="rect" href="$r__sms_8cc.html" title="Record parsing class for the SMS database." alt="" coords="1800,80,1875,107">
<area shape="rect" href="$r__task_8cc.html" title="Record parsing class for the task database." alt="" coords="1899,80,1973,107">
<area shape="rect" href="$r__timezone_8cc.html" title="Record parsing class for the timezone database." alt="" coords="1997,80,2101,107">
<area shape="rect" href="$record_8cc.html" title="Misc." alt="" coords="2125,80,2200,107">
