<area shape="rect" href="$dll_8h.html" title="Macros for handling DLL/library API visibility." alt="" coords="385,229,431,256">
<area shape="rect" href="$r__calendar_8h.html" title="Blackberry database record parser class for calndar records." alt="" coords="1304,80,1395,107">
<area shape="rect" href="$r__calllog_8h.html" title="Record parsing class for call logs." alt="" coords="589,155,669,181">
<area shape="rect" href="$r__contact_8h.html" title="Blackberry database record parser class for contact records." alt="" coords="1573,155,1659,181">
<area shape="rect" href="$r__memo_8h.html" title="Record parsing class for the memo database." alt="" coords="693,155,773,181">
<area shape="rect" href="$r__message_8h.html" title="Blackberry database record parser class for email records." alt="" coords="560,80,656,107">
<area shape="rect" href="$r__servicebook_8h.html" title="Blackberry database record parser class for the Service Book record." alt="" coords="1437,155,1549,181">
<area shape="rect" href="$r__task_8h.html" title="Record parsing class for the task database." alt="" coords="1163,80,1229,107">
<area shape="rect" href="$r__pin__message_8h.html" title="Blackberry database record parser class for pin message records." alt="" coords="680,80,800,107">
<area shape="rect" href="$r__saved__message_8h-source.html" title="r_saved_message.h" alt="" coords="899,80,1037,107">
<area shape="rect" href="$r__sms_8h-source.html" title="r_sms.h" alt="" coords="280,155,347,181">
<area shape="rect" href="$r__folder_8h.html" title="Record parsing class for the Folder database." alt="" coords="371,155,445,181">
<area shape="rect" href="$r__timezone_8h.html" title="Record parsing class for the timezone database." alt="" coords="469,155,565,181">
<area shape="rect" href="$r__recur__base_8h.html" title="Base class for recurring calendar event data." alt="" coords="1205,155,1312,181">
<area shape="rect" href="$r__message__base_8h.html" title="Base class for email&#45;oriented Blackberry database records." alt="" coords="797,155,928,181">
