<area shape="rect" href="$protostructs_8h.html" title="USB Blackberry bulk protocol API." alt="" coords="153,80,255,107">
<area shape="rect" href="$error_8h.html" title="Common exception classes for the Barry library." alt="" coords="272,155,328,181">
<area shape="rect" href="$endian_8h.html" title="Endian conversion macros." alt="" coords="17,80,87,107">
<area shape="rect" href="$record_8h.html" title="Blackberry database record classes." alt="" coords="1323,80,1389,107">
<area shape="rect" href="$dll_8h.html" title="Macros for handling DLL/library API visibility." alt="" coords="1612,304,1657,331">
<area shape="rect" href="$pin_8h.html" title="class for device PIN notation" alt="" coords="413,229,461,256">
<area shape="rect" href="$r__calendar_8h.html" title="Blackberry database record parser class for calendar records." alt="" coords="1589,155,1680,181">
<area shape="rect" href="$r__calllog_8h.html" title="Record parsing class for call logs." alt="" coords="856,229,936,256">
<area shape="rect" href="$r__bookmark_8h.html" title="Record parsing class for call logs." alt="" coords="960,229,1059,256">
<area shape="rect" href="$r__contact_8h.html" title="Blackberry database record parser class for contact records." alt="" coords="2053,229,2139,256">
<area shape="rect" href="$r__cstore_8h.html" title="Blackberry database record parser class for Content Store records." alt="" coords="1813,229,1893,256">
<area shape="rect" href="$r__memo_8h.html" title="Record parsing class for the memo database." alt="" coords="1083,229,1163,256">
<area shape="rect" href="$r__message_8h.html" title="Blackberry database record parser class for email records." alt="" coords="2093,155,2189,181">
<area shape="rect" href="$r__servicebook_8h.html" title="Blackberry database record parser class for the Service Book record." alt="" coords="1917,229,2029,256">
<area shape="rect" href="$r__task_8h.html" title="Record parsing class for the task database." alt="" coords="1288,155,1355,181">
<area shape="rect" href="$r__pin__message_8h.html" title="Blackberry database record parser class for pin message records." alt="" coords="2264,155,2384,181">
<area shape="rect" href="$r__saved__message_8h-source.html" title="r_saved_message.h" alt="" coords="2408,155,2547,181">
<area shape="rect" href="$r__sms_8h-source.html" title="r_sms.h" alt="" coords="1187,229,1253,256">
<area shape="rect" href="$r__folder_8h.html" title="Record parsing class for the Folder database." alt="" coords="637,229,712,256">
<area shape="rect" href="$r__timezone_8h.html" title="Record parsing class for the timezone database." alt="" coords="736,229,832,256">
<area shape="rect" href="$r__recur__base_8h.html" title="Base class for recurring calendar event data." alt="" coords="1581,229,1688,256">
<area shape="rect" href="$r__message__base_8h.html" title="Base class for email&#45;oriented Blackberry database records." alt="" coords="2264,229,2395,256">
