<area shape="rect" href="$probe_8cc.html" title="USB Blackberry detection routines." alt="" coords="5,80,77,107">
<area shape="rect" href="$r__calendar_8cc.html" title="Blackberry database record parser class for calendar records." alt="" coords="101,80,200,107">
<area shape="rect" href="$r__calllog_8cc.html" title="Record parsing class for the phone call logs database." alt="" coords="224,80,312,107">
<area shape="rect" href="$r__contact_8cc.html" title="Blackberry database record parser class for contact records." alt="" coords="336,80,429,107">
<area shape="rect" href="$r__folder_8cc.html" title="Record parsing class for the folders database." alt="" coords="453,80,533,107">
<area shape="rect" href="$r__memo_8cc.html" title="Record parsing class for the memo database." alt="" coords="557,80,643,107">
<area shape="rect" href="$r__message__base_8cc.html" title="Base class for email&#45;oriented Blackberry database records." alt="" coords="667,80,805,107">
<area shape="rect" href="$r__servicebook_8cc.html" title="Blackberry database record parser class for Service Book records." alt="" coords="829,80,949,107">
<area shape="rect" href="$r__sms_8cc.html" title="Record parsing class for the SMS database." alt="" coords="973,80,1048,107">
<area shape="rect" href="$r__task_8cc.html" title="Record parsing class for the task database." alt="" coords="1072,80,1147,107">
<area shape="rect" href="$r__timezone_8cc.html" title="Record parsing class for the timezone database." alt="" coords="1171,80,1275,107">
<area shape="rect" href="$record_8cc.html" title="Blackberry database record classes." alt="" coords="1299,80,1373,107">
