<area shape="rect" href="$dll_8h.html" title="Macros for handling DLL/library API visibility." alt="" coords="1564,379,1609,405">
<area shape="rect" href="$builder_8h.html" title="Virtual protocol packet builder wrapper." alt="" coords="224,229,293,256">
<area shape="rect" href="$configfile_8h.html" title="Barry configuraion class, for one device PIN." alt="" coords="1371,80,1453,107">
<area shape="rect" href="$data_8h.html" title="Class to deal with pre&#45;saved data files." alt="" coords="1211,304,1267,331">
<area shape="rect" href="$record_8h.html" title="Blackberry database record classes." alt="" coords="1379,155,1445,181">
<area shape="rect" href="$pin_8h.html" title="class for device PIN notation" alt="" coords="347,304,395,331">
<area shape="rect" href="$r__calendar_8h.html" title="Blackberry database record parser class for calendar records." alt="" coords="1715,229,1805,256">
<area shape="rect" href="$r__calllog_8h.html" title="Record parsing class for call logs." alt="" coords="811,304,891,331">
<area shape="rect" href="$r__bookmark_8h.html" title="Record parsing class for call logs." alt="" coords="688,304,787,331">
<area shape="rect" href="$r__contact_8h.html" title="Blackberry database record parser class for contact records." alt="" coords="1597,304,1683,331">
<area shape="rect" href="$r__cstore_8h.html" title="Blackberry database record parser class for Content Store records." alt="" coords="1493,304,1573,331">
<area shape="rect" href="$r__memo_8h.html" title="Record parsing class for the memo database." alt="" coords="915,304,995,331">
<area shape="rect" href="$r__message_8h.html" title="Blackberry database record parser class for email records." alt="" coords="2057,229,2153,256">
<area shape="rect" href="$r__servicebook_8h.html" title="Blackberry database record parser class for the Service Book record." alt="" coords="2296,304,2408,331">
<area shape="rect" href="$r__task_8h.html" title="Record parsing class for the task database." alt="" coords="1379,229,1445,256">
<area shape="rect" href="$r__pin__message_8h.html" title="Blackberry database record parser class for pin message records." alt="" coords="2177,229,2297,256">
<area shape="rect" href="$r__saved__message_8h-source.html" title="r_saved_message.h" alt="" coords="1844,229,1983,256">
<area shape="rect" href="$r__sms_8h-source.html" title="r_sms.h" alt="" coords="1019,304,1085,331">
<area shape="rect" href="$r__folder_8h.html" title="Record parsing class for the Folder database." alt="" coords="469,304,544,331">
<area shape="rect" href="$r__timezone_8h.html" title="Record parsing class for the timezone database." alt="" coords="568,304,664,331">
<area shape="rect" href="$r__recur__base_8h.html" title="Base class for recurring calendar event data." alt="" coords="1707,304,1813,331">
<area shape="rect" href="$r__message__base_8h.html" title="Base class for email&#45;oriented Blackberry database records." alt="" coords="2040,304,2171,331">
