<area shape="rect" href="$cbarry_8h.html" title="Main header file for Barry C API &#45; incomplete." alt="" coords="5,80,72,107">
<area shape="rect" href="$dataqueue_8cc.html" title="FIFO queue of Data objects." alt="" coords="96,80,195,107">
<area shape="rect" href="$m__javaloader_8cc.html" title="Mode class for the JavaLoader mode." alt="" coords="219,80,333,107">
<area shape="rect" href="$r__calendar_8cc.html" title="Blackberry database record parser class for calendar records." alt="" coords="357,80,456,107">
<area shape="rect" href="$r__calllog_8cc.html" title="Record parsing class for the phone call logs database." alt="" coords="480,80,568,107">
<area shape="rect" href="$r__contact_8cc.html" title="Blackberry database record parser class for contact records." alt="" coords="592,80,685,107">
<area shape="rect" href="$r__folder_8cc.html" title="Record parsing class for the folders database." alt="" coords="709,80,789,107">
<area shape="rect" href="$r__memo_8cc.html" title="Record parsing class for the memo database." alt="" coords="813,80,899,107">
<area shape="rect" href="$r__message__base_8cc.html" title="Base class for email&#45;oriented Blackberry database records." alt="" coords="923,80,1061,107">
<area shape="rect" href="$r__recur__base_8cc.html" title="Base class for recurring calendar event data." alt="" coords="1085,80,1200,107">
<area shape="rect" href="$r__servicebook_8cc.html" title="Blackberry database record parser class for Service Book records." alt="" coords="1224,80,1344,107">
<area shape="rect" href="$r__sms_8cc.html" title="Record parsing class for the SMS database." alt="" coords="1368,80,1443,107">
<area shape="rect" href="$r__task_8cc.html" title="Record parsing class for the task database." alt="" coords="1467,80,1541,107">
<area shape="rect" href="$r__timezone_8cc.html" title="Record parsing class for the timezone database." alt="" coords="1565,80,1669,107">
<area shape="rect" href="$record_8cc.html" title="Blackberry database record classes." alt="" coords="1693,80,1768,107">
<area shape="rect" href="$time_8cc.html" title="Conversion between time_t and cenmin_t and back." alt="" coords="1792,80,1856,107">
